<!doctype html public "-//w3c//dtd html 4.0 transitional//en">
<html><head>
<title>Static Call Graph - [.\Objects\Template.axf]</title></head>
<body><HR>
<H1>Static Call Graph for image .\Objects\Template.axf</H1><HR>
<BR><P>#&#060CALLGRAPH&#062# ARM Linker, 5060960: Last Updated: Wed Aug 24 15:17:26 2022
<BR><P>
<H3>Maximum Stack Usage =         84 bytes + Unknown(Cycles, Untraceable Function Pointers)</H3><H3>
Call chain for Maximum Stack Depth:</H3>
main &rArr; USARTInit &rArr; USART_Config &rArr; RCM_GetMasterClockFreq &rArr; __aeabi_uidivmod
<P>
<H3>
Mutually Recursive functions
</H3> <LI><a href="#[14]">ADC_IRQHandler</a>&nbsp;&nbsp;&nbsp;&rArr;&nbsp;&nbsp;&nbsp;<a href="#[14]">ADC_IRQHandler</a><BR>
</UL>
<P>
<H3>
Function Pointers
</H3><UL>
 <LI><a href="#[14]">ADC_IRQHandler</a> from startup_apm32f0xx.o(.text) referenced from startup_apm32f0xx.o(RESET)
 <LI><a href="#[8]">EINTA_IRQHandler</a> from startup_apm32f0xx.o(.text) referenced from startup_apm32f0xx.o(RESET)
 <LI><a href="#[9]">EINTB_IRQHandler</a> from startup_apm32f0xx.o(.text) referenced from startup_apm32f0xx.o(RESET)
 <LI><a href="#[a]">EINTC_IRQHandler</a> from startup_apm32f0xx.o(.text) referenced from startup_apm32f0xx.o(RESET)
 <LI><a href="#[b]">EINTD_IRQHandler</a> from startup_apm32f0xx.o(.text) referenced from startup_apm32f0xx.o(RESET)
 <LI><a href="#[16]">FLASH_IRQHandler</a> from startup_apm32f0xx.o(.text) referenced from startup_apm32f0xx.o(RESET)
 <LI><a href="#[2]">HardFault_Handler</a> from apm32f00x_int.o(i.HardFault_Handler) referenced from startup_apm32f0xx.o(RESET)
 <LI><a href="#[13]">IIC_IRQHandler</a> from startup_apm32f0xx.o(.text) referenced from startup_apm32f0xx.o(RESET)
 <LI><a href="#[1]">NMI_Handler</a> from apm32f00x_int.o(i.NMI_Handler) referenced from startup_apm32f0xx.o(RESET)
 <LI><a href="#[4]">PendSV_Handler</a> from apm32f00x_int.o(i.PendSV_Handler) referenced from startup_apm32f0xx.o(RESET)
 <LI><a href="#[7]">RCM_IRQHandler</a> from startup_apm32f0xx.o(.text) referenced from startup_apm32f0xx.o(RESET)
 <LI><a href="#[0]">Reset_Handler</a> from startup_apm32f0xx.o(.text) referenced from startup_apm32f0xx.o(RESET)
 <LI><a href="#[c]">SPI_IRQHandler</a> from startup_apm32f0xx.o(.text) referenced from startup_apm32f0xx.o(RESET)
 <LI><a href="#[3]">SVC_Handler</a> from apm32f00x_int.o(i.SVC_Handler) referenced from startup_apm32f0xx.o(RESET)
 <LI><a href="#[5]">SysTick_Handler</a> from apm32f00x_int.o(i.SysTick_Handler) referenced from startup_apm32f0xx.o(RESET)
 <LI><a href="#[1e]">SystemInit</a> from system_apm32f00x.o(i.SystemInit) referenced from startup_apm32f0xx.o(.text)
 <LI><a href="#[1c]">TMR1A_CC_IRQHandler</a> from startup_apm32f0xx.o(.text) referenced from startup_apm32f0xx.o(RESET)
 <LI><a href="#[1b]">TMR1A_UT_IRQHandler</a> from startup_apm32f0xx.o(.text) referenced from startup_apm32f0xx.o(RESET)
 <LI><a href="#[e]">TMR1_CC_IRQHandler</a> from startup_apm32f0xx.o(.text) referenced from startup_apm32f0xx.o(RESET)
 <LI><a href="#[d]">TMR1_UT_IRQHandler</a> from startup_apm32f0xx.o(.text) referenced from startup_apm32f0xx.o(RESET)
 <LI><a href="#[10]">TMR2_CC_IRQHandler</a> from startup_apm32f0xx.o(.text) referenced from startup_apm32f0xx.o(RESET)
 <LI><a href="#[f]">TMR2_UO_IRQHandler</a> from startup_apm32f0xx.o(.text) referenced from startup_apm32f0xx.o(RESET)
 <LI><a href="#[15]">TMR4_IRQHandler</a> from startup_apm32f0xx.o(.text) referenced from startup_apm32f0xx.o(RESET)
 <LI><a href="#[12]">USART1_RX_IRQHandler</a> from startup_apm32f0xx.o(.text) referenced from startup_apm32f0xx.o(RESET)
 <LI><a href="#[11]">USART1_TX_IRQHandler</a> from startup_apm32f0xx.o(.text) referenced from startup_apm32f0xx.o(RESET)
 <LI><a href="#[1a]">USART2_RX_IRQHandler</a> from startup_apm32f0xx.o(.text) referenced from startup_apm32f0xx.o(RESET)
 <LI><a href="#[19]">USART2_TX_IRQHandler</a> from startup_apm32f0xx.o(.text) referenced from startup_apm32f0xx.o(RESET)
 <LI><a href="#[18]">USART3_RX_IRQHandler</a> from startup_apm32f0xx.o(.text) referenced from startup_apm32f0xx.o(RESET)
 <LI><a href="#[17]">USART3_TX_IRQHandler</a> from startup_apm32f0xx.o(.text) referenced from startup_apm32f0xx.o(RESET)
 <LI><a href="#[6]">WUPT_IRQHandler</a> from startup_apm32f0xx.o(.text) referenced from startup_apm32f0xx.o(RESET)
 <LI><a href="#[1f]">__main</a> from entry.o(.ARM.Collect$$$$00000000) referenced from startup_apm32f0xx.o(.text)
 <LI><a href="#[20]">fputc</a> from main.o(i.fputc) referenced from printf8.o(i.__0printf$8)
 <LI><a href="#[1d]">main</a> from main.o(i.main) referenced from entry9a.o(.ARM.Collect$$$$0000000B)
</UL>
<P>
<H3>
Global Symbols
</H3>
<P><STRONG><a name="[1f]"></a>__main</STRONG> (Thumb, 0 bytes, Stack size unknown bytes, entry.o(.ARM.Collect$$$$00000000))
<BR>[Address Reference Count : 1]<UL><LI> startup_apm32f0xx.o(.text)
</UL>
<P><STRONG><a name="[45]"></a>_main_stk</STRONG> (Thumb, 0 bytes, Stack size unknown bytes, entry2.o(.ARM.Collect$$$$00000001))

<P><STRONG><a name="[21]"></a>_main_scatterload</STRONG> (Thumb, 0 bytes, Stack size unknown bytes, entry5.o(.ARM.Collect$$$$00000004))
<BR><BR>[Calls]<UL><LI><a href="#[22]">&gt;&gt;</a>&nbsp;&nbsp;&nbsp;__scatterload
</UL>

<P><STRONG><a name="[28]"></a>__main_after_scatterload</STRONG> (Thumb, 0 bytes, Stack size unknown bytes, entry5.o(.ARM.Collect$$$$00000004))
<BR><BR>[Called By]<UL><LI><a href="#[22]">&gt;&gt;</a>&nbsp;&nbsp;&nbsp;__scatterload
</UL>

<P><STRONG><a name="[46]"></a>_main_clock</STRONG> (Thumb, 0 bytes, Stack size unknown bytes, entry7b.o(.ARM.Collect$$$$00000008))

<P><STRONG><a name="[47]"></a>_main_cpp_init</STRONG> (Thumb, 0 bytes, Stack size unknown bytes, entry8b.o(.ARM.Collect$$$$0000000A))

<P><STRONG><a name="[48]"></a>_main_init</STRONG> (Thumb, 0 bytes, Stack size unknown bytes, entry9a.o(.ARM.Collect$$$$0000000B))

<P><STRONG><a name="[23]"></a>__rt_lib_shutdown_fini</STRONG> (Thumb, 0 bytes, Stack size unknown bytes, entry12b.o(.ARM.Collect$$$$0000000E))
<BR><BR>[Calls]<UL><LI><a href="#[24]">&gt;&gt;</a>&nbsp;&nbsp;&nbsp;__arm_fini_ (Weak Reference)
</UL>

<P><STRONG><a name="[49]"></a>__rt_final_cpp</STRONG> (Thumb, 0 bytes, Stack size unknown bytes, entry10a.o(.ARM.Collect$$$$0000000F))

<P><STRONG><a name="[4a]"></a>__rt_final_exit</STRONG> (Thumb, 0 bytes, Stack size unknown bytes, entry11a.o(.ARM.Collect$$$$00000011))

<P><STRONG><a name="[0]"></a>Reset_Handler</STRONG> (Thumb, 14 bytes, Stack size 0 bytes, startup_apm32f0xx.o(.text))
<BR>[Address Reference Count : 1]<UL><LI> startup_apm32f0xx.o(RESET)
</UL>
<P><STRONG><a name="[14]"></a>ADC_IRQHandler</STRONG> (Thumb, 0 bytes, Stack size 0 bytes, startup_apm32f0xx.o(.text))
<BR><BR>[Calls]<UL><LI><a href="#[14]">&gt;&gt;</a>&nbsp;&nbsp;&nbsp;ADC_IRQHandler
</UL>
<BR>[Called By]<UL><LI><a href="#[14]">&gt;&gt;</a>&nbsp;&nbsp;&nbsp;ADC_IRQHandler
</UL>
<BR>[Address Reference Count : 1]<UL><LI> startup_apm32f0xx.o(RESET)
</UL>
<P><STRONG><a name="[8]"></a>EINTA_IRQHandler</STRONG> (Thumb, 0 bytes, Stack size 0 bytes, startup_apm32f0xx.o(.text))
<BR>[Address Reference Count : 1]<UL><LI> startup_apm32f0xx.o(RESET)
</UL>
<P><STRONG><a name="[9]"></a>EINTB_IRQHandler</STRONG> (Thumb, 0 bytes, Stack size 0 bytes, startup_apm32f0xx.o(.text))
<BR>[Address Reference Count : 1]<UL><LI> startup_apm32f0xx.o(RESET)
</UL>
<P><STRONG><a name="[a]"></a>EINTC_IRQHandler</STRONG> (Thumb, 0 bytes, Stack size 0 bytes, startup_apm32f0xx.o(.text))
<BR>[Address Reference Count : 1]<UL><LI> startup_apm32f0xx.o(RESET)
</UL>
<P><STRONG><a name="[b]"></a>EINTD_IRQHandler</STRONG> (Thumb, 0 bytes, Stack size 0 bytes, startup_apm32f0xx.o(.text))
<BR>[Address Reference Count : 1]<UL><LI> startup_apm32f0xx.o(RESET)
</UL>
<P><STRONG><a name="[16]"></a>FLASH_IRQHandler</STRONG> (Thumb, 0 bytes, Stack size 0 bytes, startup_apm32f0xx.o(.text))
<BR>[Address Reference Count : 1]<UL><LI> startup_apm32f0xx.o(RESET)
</UL>
<P><STRONG><a name="[13]"></a>IIC_IRQHandler</STRONG> (Thumb, 0 bytes, Stack size 0 bytes, startup_apm32f0xx.o(.text))
<BR>[Address Reference Count : 1]<UL><LI> startup_apm32f0xx.o(RESET)
</UL>
<P><STRONG><a name="[7]"></a>RCM_IRQHandler</STRONG> (Thumb, 0 bytes, Stack size 0 bytes, startup_apm32f0xx.o(.text))
<BR>[Address Reference Count : 1]<UL><LI> startup_apm32f0xx.o(RESET)
</UL>
<P><STRONG><a name="[c]"></a>SPI_IRQHandler</STRONG> (Thumb, 0 bytes, Stack size 0 bytes, startup_apm32f0xx.o(.text))
<BR>[Address Reference Count : 1]<UL><LI> startup_apm32f0xx.o(RESET)
</UL>
<P><STRONG><a name="[1c]"></a>TMR1A_CC_IRQHandler</STRONG> (Thumb, 0 bytes, Stack size 0 bytes, startup_apm32f0xx.o(.text))
<BR>[Address Reference Count : 1]<UL><LI> startup_apm32f0xx.o(RESET)
</UL>
<P><STRONG><a name="[1b]"></a>TMR1A_UT_IRQHandler</STRONG> (Thumb, 0 bytes, Stack size 0 bytes, startup_apm32f0xx.o(.text))
<BR>[Address Reference Count : 1]<UL><LI> startup_apm32f0xx.o(RESET)
</UL>
<P><STRONG><a name="[e]"></a>TMR1_CC_IRQHandler</STRONG> (Thumb, 0 bytes, Stack size 0 bytes, startup_apm32f0xx.o(.text))
<BR>[Address Reference Count : 1]<UL><LI> startup_apm32f0xx.o(RESET)
</UL>
<P><STRONG><a name="[d]"></a>TMR1_UT_IRQHandler</STRONG> (Thumb, 0 bytes, Stack size 0 bytes, startup_apm32f0xx.o(.text))
<BR>[Address Reference Count : 1]<UL><LI> startup_apm32f0xx.o(RESET)
</UL>
<P><STRONG><a name="[10]"></a>TMR2_CC_IRQHandler</STRONG> (Thumb, 0 bytes, Stack size 0 bytes, startup_apm32f0xx.o(.text))
<BR>[Address Reference Count : 1]<UL><LI> startup_apm32f0xx.o(RESET)
</UL>
<P><STRONG><a name="[f]"></a>TMR2_UO_IRQHandler</STRONG> (Thumb, 0 bytes, Stack size 0 bytes, startup_apm32f0xx.o(.text))
<BR>[Address Reference Count : 1]<UL><LI> startup_apm32f0xx.o(RESET)
</UL>
<P><STRONG><a name="[15]"></a>TMR4_IRQHandler</STRONG> (Thumb, 0 bytes, Stack size 0 bytes, startup_apm32f0xx.o(.text))
<BR>[Address Reference Count : 1]<UL><LI> startup_apm32f0xx.o(RESET)
</UL>
<P><STRONG><a name="[12]"></a>USART1_RX_IRQHandler</STRONG> (Thumb, 0 bytes, Stack size 0 bytes, startup_apm32f0xx.o(.text))
<BR>[Address Reference Count : 1]<UL><LI> startup_apm32f0xx.o(RESET)
</UL>
<P><STRONG><a name="[11]"></a>USART1_TX_IRQHandler</STRONG> (Thumb, 0 bytes, Stack size 0 bytes, startup_apm32f0xx.o(.text))
<BR>[Address Reference Count : 1]<UL><LI> startup_apm32f0xx.o(RESET)
</UL>
<P><STRONG><a name="[1a]"></a>USART2_RX_IRQHandler</STRONG> (Thumb, 0 bytes, Stack size 0 bytes, startup_apm32f0xx.o(.text))
<BR>[Address Reference Count : 1]<UL><LI> startup_apm32f0xx.o(RESET)
</UL>
<P><STRONG><a name="[19]"></a>USART2_TX_IRQHandler</STRONG> (Thumb, 0 bytes, Stack size 0 bytes, startup_apm32f0xx.o(.text))
<BR>[Address Reference Count : 1]<UL><LI> startup_apm32f0xx.o(RESET)
</UL>
<P><STRONG><a name="[18]"></a>USART3_RX_IRQHandler</STRONG> (Thumb, 0 bytes, Stack size 0 bytes, startup_apm32f0xx.o(.text))
<BR>[Address Reference Count : 1]<UL><LI> startup_apm32f0xx.o(RESET)
</UL>
<P><STRONG><a name="[17]"></a>USART3_TX_IRQHandler</STRONG> (Thumb, 0 bytes, Stack size 0 bytes, startup_apm32f0xx.o(.text))
<BR>[Address Reference Count : 1]<UL><LI> startup_apm32f0xx.o(RESET)
</UL>
<P><STRONG><a name="[6]"></a>WUPT_IRQHandler</STRONG> (Thumb, 0 bytes, Stack size 0 bytes, startup_apm32f0xx.o(.text))
<BR>[Address Reference Count : 1]<UL><LI> startup_apm32f0xx.o(RESET)
</UL>
<P><STRONG><a name="[4b]"></a>__aeabi_uidiv</STRONG> (Thumb, 0 bytes, Stack size 12 bytes, uidiv.o(.text), UNUSED)

<P><STRONG><a name="[2c]"></a>__aeabi_uidivmod</STRONG> (Thumb, 44 bytes, Stack size 12 bytes, uidiv.o(.text))
<BR><BR>[Stack]<UL><LI>Max Depth = 12<LI>Call Chain = __aeabi_uidivmod
</UL>
<BR>[Called By]<UL><LI><a href="#[2b]">&gt;&gt;</a>&nbsp;&nbsp;&nbsp;RCM_GetMasterClockFreq
<LI><a href="#[39]">&gt;&gt;</a>&nbsp;&nbsp;&nbsp;USART_Config
</UL>

<P><STRONG><a name="[25]"></a>__aeabi_uldivmod</STRONG> (Thumb, 96 bytes, Stack size 48 bytes, uldiv.o(.text), UNUSED)
<BR><BR>[Calls]<UL><LI><a href="#[26]">&gt;&gt;</a>&nbsp;&nbsp;&nbsp;__aeabi_llsr
<LI><a href="#[27]">&gt;&gt;</a>&nbsp;&nbsp;&nbsp;__aeabi_llsl
</UL>
<BR>[Called By]<UL><LI><a href="#[3d]">&gt;&gt;</a>&nbsp;&nbsp;&nbsp;_printf_core
</UL>

<P><STRONG><a name="[22]"></a>__scatterload</STRONG> (Thumb, 28 bytes, Stack size 0 bytes, init.o(.text))
<BR><BR>[Calls]<UL><LI><a href="#[28]">&gt;&gt;</a>&nbsp;&nbsp;&nbsp;__main_after_scatterload
</UL>
<BR>[Called By]<UL><LI><a href="#[21]">&gt;&gt;</a>&nbsp;&nbsp;&nbsp;_main_scatterload
</UL>

<P><STRONG><a name="[4c]"></a>__scatterload_rt2</STRONG> (Thumb, 0 bytes, Stack size 0 bytes, init.o(.text), UNUSED)

<P><STRONG><a name="[27]"></a>__aeabi_llsl</STRONG> (Thumb, 32 bytes, Stack size 8 bytes, llshl.o(.text), UNUSED)
<BR><BR>[Called By]<UL><LI><a href="#[25]">&gt;&gt;</a>&nbsp;&nbsp;&nbsp;__aeabi_uldivmod
</UL>

<P><STRONG><a name="[4d]"></a>_ll_shift_l</STRONG> (Thumb, 0 bytes, Stack size 8 bytes, llshl.o(.text), UNUSED)

<P><STRONG><a name="[26]"></a>__aeabi_llsr</STRONG> (Thumb, 34 bytes, Stack size 8 bytes, llushr.o(.text), UNUSED)
<BR><BR>[Called By]<UL><LI><a href="#[25]">&gt;&gt;</a>&nbsp;&nbsp;&nbsp;__aeabi_uldivmod
</UL>

<P><STRONG><a name="[4e]"></a>_ll_ushift_r</STRONG> (Thumb, 0 bytes, Stack size 8 bytes, llushr.o(.text), UNUSED)

<P><STRONG><a name="[2]"></a>HardFault_Handler</STRONG> (Thumb, 2 bytes, Stack size 0 bytes, apm32f00x_int.o(i.HardFault_Handler))
<BR>[Address Reference Count : 1]<UL><LI> startup_apm32f0xx.o(RESET)
</UL>
<P><STRONG><a name="[1]"></a>NMI_Handler</STRONG> (Thumb, 2 bytes, Stack size 0 bytes, apm32f00x_int.o(i.NMI_Handler))
<BR>[Address Reference Count : 1]<UL><LI> startup_apm32f0xx.o(RESET)
</UL>
<P><STRONG><a name="[4]"></a>PendSV_Handler</STRONG> (Thumb, 2 bytes, Stack size 0 bytes, apm32f00x_int.o(i.PendSV_Handler))
<BR>[Address Reference Count : 1]<UL><LI> startup_apm32f0xx.o(RESET)
</UL>
<P><STRONG><a name="[2b]"></a>RCM_GetMasterClockFreq</STRONG> (Thumb, 82 bytes, Stack size 16 bytes, apm32f00x_rcm.o(i.RCM_GetMasterClockFreq))
<BR><BR>[Stack]<UL><LI>Max Depth = 28<LI>Call Chain = RCM_GetMasterClockFreq &rArr; __aeabi_uidivmod
</UL>
<BR>[Calls]<UL><LI><a href="#[2c]">&gt;&gt;</a>&nbsp;&nbsp;&nbsp;__aeabi_uidivmod
</UL>
<BR>[Called By]<UL><LI><a href="#[39]">&gt;&gt;</a>&nbsp;&nbsp;&nbsp;USART_Config
</UL>

<P><STRONG><a name="[3]"></a>SVC_Handler</STRONG> (Thumb, 2 bytes, Stack size 0 bytes, apm32f00x_int.o(i.SVC_Handler))
<BR>[Address Reference Count : 1]<UL><LI> startup_apm32f0xx.o(RESET)
</UL>
<P><STRONG><a name="[5]"></a>SysTick_Handler</STRONG> (Thumb, 2 bytes, Stack size 0 bytes, apm32f00x_int.o(i.SysTick_Handler))
<BR>[Address Reference Count : 1]<UL><LI> startup_apm32f0xx.o(RESET)
</UL>
<P><STRONG><a name="[1e]"></a>SystemInit</STRONG> (Thumb, 70 bytes, Stack size 8 bytes, system_apm32f00x.o(i.SystemInit))
<BR><BR>[Stack]<UL><LI>Max Depth = 16<LI>Call Chain = SystemInit &rArr; ConfigMasterClock
</UL>
<BR>[Calls]<UL><LI><a href="#[29]">&gt;&gt;</a>&nbsp;&nbsp;&nbsp;ConfigMasterClock
</UL>
<BR>[Address Reference Count : 1]<UL><LI> startup_apm32f0xx.o(.text)
</UL>
<P><STRONG><a name="[2d]"></a>TMR1Init</STRONG> (Thumb, 48 bytes, Stack size 16 bytes, main.o(i.TMR1Init))
<BR><BR>[Stack]<UL><LI>Max Depth = 24<LI>Call Chain = TMR1Init &rArr; TMR1_ConfigTimerBase
</UL>
<BR>[Calls]<UL><LI><a href="#[31]">&gt;&gt;</a>&nbsp;&nbsp;&nbsp;TMR1_Enable
<LI><a href="#[2e]">&gt;&gt;</a>&nbsp;&nbsp;&nbsp;TMR1_ConfigTimerBase
<LI><a href="#[30]">&gt;&gt;</a>&nbsp;&nbsp;&nbsp;TMR1_ConfigSlaveMode
<LI><a href="#[2f]">&gt;&gt;</a>&nbsp;&nbsp;&nbsp;TMR1_ConfigInputTrigger
</UL>
<BR>[Called By]<UL><LI><a href="#[1d]">&gt;&gt;</a>&nbsp;&nbsp;&nbsp;main
</UL>

<P><STRONG><a name="[2f]"></a>TMR1_ConfigInputTrigger</STRONG> (Thumb, 20 bytes, Stack size 8 bytes, apm32f00x_tmr1.o(i.TMR1_ConfigInputTrigger))
<BR><BR>[Stack]<UL><LI>Max Depth = 8<LI>Call Chain = TMR1_ConfigInputTrigger
</UL>
<BR>[Called By]<UL><LI><a href="#[2d]">&gt;&gt;</a>&nbsp;&nbsp;&nbsp;TMR1Init
</UL>

<P><STRONG><a name="[30]"></a>TMR1_ConfigSlaveMode</STRONG> (Thumb, 16 bytes, Stack size 0 bytes, apm32f00x_tmr1.o(i.TMR1_ConfigSlaveMode))
<BR><BR>[Called By]<UL><LI><a href="#[2d]">&gt;&gt;</a>&nbsp;&nbsp;&nbsp;TMR1Init
</UL>

<P><STRONG><a name="[2e]"></a>TMR1_ConfigTimerBase</STRONG> (Thumb, 76 bytes, Stack size 8 bytes, apm32f00x_tmr1.o(i.TMR1_ConfigTimerBase))
<BR><BR>[Stack]<UL><LI>Max Depth = 8<LI>Call Chain = TMR1_ConfigTimerBase
</UL>
<BR>[Called By]<UL><LI><a href="#[2d]">&gt;&gt;</a>&nbsp;&nbsp;&nbsp;TMR1Init
</UL>

<P><STRONG><a name="[31]"></a>TMR1_Enable</STRONG> (Thumb, 12 bytes, Stack size 0 bytes, apm32f00x_tmr1.o(i.TMR1_Enable))
<BR><BR>[Called By]<UL><LI><a href="#[2d]">&gt;&gt;</a>&nbsp;&nbsp;&nbsp;TMR1Init
</UL>

<P><STRONG><a name="[42]"></a>TMR1_ReadCounter</STRONG> (Thumb, 20 bytes, Stack size 0 bytes, apm32f00x_tmr1.o(i.TMR1_ReadCounter))
<BR><BR>[Called By]<UL><LI><a href="#[1d]">&gt;&gt;</a>&nbsp;&nbsp;&nbsp;main
</UL>

<P><STRONG><a name="[32]"></a>TMR2Init</STRONG> (Thumb, 26 bytes, Stack size 8 bytes, main.o(i.TMR2Init))
<BR><BR>[Stack]<UL><LI>Max Depth = 8<LI>Call Chain = TMR2Init
</UL>
<BR>[Calls]<UL><LI><a href="#[35]">&gt;&gt;</a>&nbsp;&nbsp;&nbsp;TMR2_EnableMasterMode
<LI><a href="#[36]">&gt;&gt;</a>&nbsp;&nbsp;&nbsp;TMR2_Enable
<LI><a href="#[33]">&gt;&gt;</a>&nbsp;&nbsp;&nbsp;TMR2_ConfigTimerBase
<LI><a href="#[34]">&gt;&gt;</a>&nbsp;&nbsp;&nbsp;TMR2_ConfigMasterMode
</UL>
<BR>[Called By]<UL><LI><a href="#[1d]">&gt;&gt;</a>&nbsp;&nbsp;&nbsp;main
</UL>

<P><STRONG><a name="[34]"></a>TMR2_ConfigMasterMode</STRONG> (Thumb, 22 bytes, Stack size 0 bytes, apm32f00x_tmr2.o(i.TMR2_ConfigMasterMode))
<BR><BR>[Called By]<UL><LI><a href="#[32]">&gt;&gt;</a>&nbsp;&nbsp;&nbsp;TMR2Init
</UL>

<P><STRONG><a name="[33]"></a>TMR2_ConfigTimerBase</STRONG> (Thumb, 34 bytes, Stack size 0 bytes, apm32f00x_tmr2.o(i.TMR2_ConfigTimerBase))
<BR><BR>[Called By]<UL><LI><a href="#[32]">&gt;&gt;</a>&nbsp;&nbsp;&nbsp;TMR2Init
</UL>

<P><STRONG><a name="[36]"></a>TMR2_Enable</STRONG> (Thumb, 16 bytes, Stack size 0 bytes, apm32f00x_tmr2.o(i.TMR2_Enable))
<BR><BR>[Called By]<UL><LI><a href="#[32]">&gt;&gt;</a>&nbsp;&nbsp;&nbsp;TMR2Init
</UL>

<P><STRONG><a name="[35]"></a>TMR2_EnableMasterMode</STRONG> (Thumb, 16 bytes, Stack size 0 bytes, apm32f00x_tmr2.o(i.TMR2_EnableMasterMode))
<BR><BR>[Called By]<UL><LI><a href="#[32]">&gt;&gt;</a>&nbsp;&nbsp;&nbsp;TMR2Init
</UL>

<P><STRONG><a name="[43]"></a>TMR2_ReadCounter</STRONG> (Thumb, 22 bytes, Stack size 0 bytes, apm32f00x_tmr2.o(i.TMR2_ReadCounter))
<BR><BR>[Called By]<UL><LI><a href="#[1d]">&gt;&gt;</a>&nbsp;&nbsp;&nbsp;main
</UL>

<P><STRONG><a name="[37]"></a>USARTInit</STRONG> (Thumb, 66 bytes, Stack size 24 bytes, main.o(i.USARTInit))
<BR><BR>[Stack]<UL><LI>Max Depth = 84<LI>Call Chain = USARTInit &rArr; USART_Config &rArr; RCM_GetMasterClockFreq &rArr; __aeabi_uidivmod
</UL>
<BR>[Calls]<UL><LI><a href="#[3a]">&gt;&gt;</a>&nbsp;&nbsp;&nbsp;USART_Enable
<LI><a href="#[38]">&gt;&gt;</a>&nbsp;&nbsp;&nbsp;USART_ConfigSyncClock
<LI><a href="#[39]">&gt;&gt;</a>&nbsp;&nbsp;&nbsp;USART_Config
</UL>
<BR>[Called By]<UL><LI><a href="#[1d]">&gt;&gt;</a>&nbsp;&nbsp;&nbsp;main
</UL>

<P><STRONG><a name="[39]"></a>USART_Config</STRONG> (Thumb, 204 bytes, Stack size 32 bytes, apm32f00x_usart.o(i.USART_Config))
<BR><BR>[Stack]<UL><LI>Max Depth = 60<LI>Call Chain = USART_Config &rArr; RCM_GetMasterClockFreq &rArr; __aeabi_uidivmod
</UL>
<BR>[Calls]<UL><LI><a href="#[2b]">&gt;&gt;</a>&nbsp;&nbsp;&nbsp;RCM_GetMasterClockFreq
<LI><a href="#[2c]">&gt;&gt;</a>&nbsp;&nbsp;&nbsp;__aeabi_uidivmod
<LI><a href="#[3b]">&gt;&gt;</a>&nbsp;&nbsp;&nbsp;USART_EnableInterrupt
</UL>
<BR>[Called By]<UL><LI><a href="#[37]">&gt;&gt;</a>&nbsp;&nbsp;&nbsp;USARTInit
</UL>

<P><STRONG><a name="[38]"></a>USART_ConfigSyncClock</STRONG> (Thumb, 74 bytes, Stack size 8 bytes, apm32f00x_usart.o(i.USART_ConfigSyncClock))
<BR><BR>[Stack]<UL><LI>Max Depth = 8<LI>Call Chain = USART_ConfigSyncClock
</UL>
<BR>[Called By]<UL><LI><a href="#[37]">&gt;&gt;</a>&nbsp;&nbsp;&nbsp;USARTInit
</UL>

<P><STRONG><a name="[3a]"></a>USART_Enable</STRONG> (Thumb, 10 bytes, Stack size 0 bytes, apm32f00x_usart.o(i.USART_Enable))
<BR><BR>[Called By]<UL><LI><a href="#[37]">&gt;&gt;</a>&nbsp;&nbsp;&nbsp;USARTInit
</UL>

<P><STRONG><a name="[3b]"></a>USART_EnableInterrupt</STRONG> (Thumb, 56 bytes, Stack size 0 bytes, apm32f00x_usart.o(i.USART_EnableInterrupt))
<BR><BR>[Called By]<UL><LI><a href="#[39]">&gt;&gt;</a>&nbsp;&nbsp;&nbsp;USART_Config
</UL>

<P><STRONG><a name="[40]"></a>USART_ReadStatusFlag</STRONG> (Thumb, 50 bytes, Stack size 16 bytes, apm32f00x_usart.o(i.USART_ReadStatusFlag))
<BR><BR>[Stack]<UL><LI>Max Depth = 16<LI>Call Chain = USART_ReadStatusFlag
</UL>
<BR>[Called By]<UL><LI><a href="#[20]">&gt;&gt;</a>&nbsp;&nbsp;&nbsp;fputc
</UL>

<P><STRONG><a name="[41]"></a>USART_TxData8</STRONG> (Thumb, 14 bytes, Stack size 0 bytes, apm32f00x_usart.o(i.USART_TxData8))
<BR><BR>[Called By]<UL><LI><a href="#[20]">&gt;&gt;</a>&nbsp;&nbsp;&nbsp;fputc
</UL>

<P><STRONG><a name="[3c]"></a>__0printf$8</STRONG> (Thumb, 24 bytes, Stack size 24 bytes, printf8.o(i.__0printf$8), UNUSED)
<BR><BR>[Calls]<UL><LI><a href="#[3d]">&gt;&gt;</a>&nbsp;&nbsp;&nbsp;_printf_core
</UL>

<P><STRONG><a name="[4f]"></a>__1printf$8</STRONG> (Thumb, 0 bytes, Stack size 24 bytes, printf8.o(i.__0printf$8), UNUSED)

<P><STRONG><a name="[44]"></a>__2printf</STRONG> (Thumb, 0 bytes, Stack size 24 bytes, printf8.o(i.__0printf$8))
<BR><BR>[Stack]<UL><LI>Max Depth = 24<LI>Call Chain = __2printf
</UL>
<BR>[Called By]<UL><LI><a href="#[1d]">&gt;&gt;</a>&nbsp;&nbsp;&nbsp;main
</UL>

<P><STRONG><a name="[50]"></a>__scatterload_copy</STRONG> (Thumb, 14 bytes, Stack size unknown bytes, handlers.o(i.__scatterload_copy), UNUSED)

<P><STRONG><a name="[51]"></a>__scatterload_null</STRONG> (Thumb, 2 bytes, Stack size unknown bytes, handlers.o(i.__scatterload_null), UNUSED)

<P><STRONG><a name="[52]"></a>__scatterload_zeroinit</STRONG> (Thumb, 14 bytes, Stack size unknown bytes, handlers.o(i.__scatterload_zeroinit), UNUSED)

<P><STRONG><a name="[20]"></a>fputc</STRONG> (Thumb, 32 bytes, Stack size 16 bytes, main.o(i.fputc))
<BR><BR>[Stack]<UL><LI>Max Depth = 32<LI>Call Chain = fputc &rArr; USART_ReadStatusFlag
</UL>
<BR>[Calls]<UL><LI><a href="#[41]">&gt;&gt;</a>&nbsp;&nbsp;&nbsp;USART_TxData8
<LI><a href="#[40]">&gt;&gt;</a>&nbsp;&nbsp;&nbsp;USART_ReadStatusFlag
</UL>
<BR>[Address Reference Count : 1]<UL><LI> printf8.o(i.__0printf$8)
</UL>
<P><STRONG><a name="[1d]"></a>main</STRONG> (Thumb, 42 bytes, Stack size 0 bytes, main.o(i.main))
<BR><BR>[Stack]<UL><LI>Max Depth = 84<LI>Call Chain = main &rArr; USARTInit &rArr; USART_Config &rArr; RCM_GetMasterClockFreq &rArr; __aeabi_uidivmod
</UL>
<BR>[Calls]<UL><LI><a href="#[43]">&gt;&gt;</a>&nbsp;&nbsp;&nbsp;TMR2_ReadCounter
<LI><a href="#[42]">&gt;&gt;</a>&nbsp;&nbsp;&nbsp;TMR1_ReadCounter
<LI><a href="#[44]">&gt;&gt;</a>&nbsp;&nbsp;&nbsp;__2printf
<LI><a href="#[37]">&gt;&gt;</a>&nbsp;&nbsp;&nbsp;USARTInit
<LI><a href="#[32]">&gt;&gt;</a>&nbsp;&nbsp;&nbsp;TMR2Init
<LI><a href="#[2d]">&gt;&gt;</a>&nbsp;&nbsp;&nbsp;TMR1Init
</UL>
<BR>[Address Reference Count : 1]<UL><LI> entry9a.o(.ARM.Collect$$$$0000000B)
</UL><P>
<H3>
Local Symbols
</H3>
<P><STRONG><a name="[29]"></a>ConfigMasterClock</STRONG> (Thumb, 8 bytes, Stack size 8 bytes, system_apm32f00x.o(i.ConfigMasterClock))
<BR><BR>[Stack]<UL><LI>Max Depth = 8<LI>Call Chain = ConfigMasterClock
</UL>
<BR>[Calls]<UL><LI><a href="#[2a]">&gt;&gt;</a>&nbsp;&nbsp;&nbsp;MasterClock48M
</UL>
<BR>[Called By]<UL><LI><a href="#[1e]">&gt;&gt;</a>&nbsp;&nbsp;&nbsp;SystemInit
</UL>

<P><STRONG><a name="[2a]"></a>MasterClock48M</STRONG> (Thumb, 66 bytes, Stack size 0 bytes, system_apm32f00x.o(i.MasterClock48M))
<BR><BR>[Called By]<UL><LI><a href="#[29]">&gt;&gt;</a>&nbsp;&nbsp;&nbsp;ConfigMasterClock
</UL>

<P><STRONG><a name="[3d]"></a>_printf_core</STRONG> (Thumb, 1020 bytes, Stack size 104 bytes, printf8.o(i._printf_core), UNUSED)
<BR><BR>[Calls]<UL><LI><a href="#[3e]">&gt;&gt;</a>&nbsp;&nbsp;&nbsp;_printf_pre_padding
<LI><a href="#[3f]">&gt;&gt;</a>&nbsp;&nbsp;&nbsp;_printf_post_padding
<LI><a href="#[25]">&gt;&gt;</a>&nbsp;&nbsp;&nbsp;__aeabi_uldivmod
</UL>
<BR>[Called By]<UL><LI><a href="#[3c]">&gt;&gt;</a>&nbsp;&nbsp;&nbsp;__0printf$8
</UL>

<P><STRONG><a name="[3f]"></a>_printf_post_padding</STRONG> (Thumb, 32 bytes, Stack size 24 bytes, printf8.o(i._printf_post_padding), UNUSED)
<BR><BR>[Called By]<UL><LI><a href="#[3d]">&gt;&gt;</a>&nbsp;&nbsp;&nbsp;_printf_core
</UL>

<P><STRONG><a name="[3e]"></a>_printf_pre_padding</STRONG> (Thumb, 44 bytes, Stack size 40 bytes, printf8.o(i._printf_pre_padding), UNUSED)
<BR><BR>[Called By]<UL><LI><a href="#[3d]">&gt;&gt;</a>&nbsp;&nbsp;&nbsp;_printf_core
</UL>
<P>
<H3>
Undefined Global Symbols
</H3>
<P><STRONG><a name="[24]"></a>__arm_fini_</STRONG> (Unknown, 0 bytes, Stack size 0 bytes, UNDEFINED)
<BR><BR>[Called By]<UL><LI><a href="#[23]">&gt;&gt;</a>&nbsp;&nbsp;&nbsp;__rt_lib_shutdown_fini
</UL>
<HR></body></html>
