Component: ARM Compiler 5.06 update 7 (build 960) Tool: armlink [4d3601]

==============================================================================

Section Cross References

    system_apm32f00x.o(i.ConfigMasterClock) refers to system_apm32f00x.o(i.MasterClock48M) for MasterClock48M
    system_apm32f00x.o(i.SystemInit) refers to system_apm32f00x.o(i.ConfigMasterClock) for ConfigMasterClock
    startup_apm32f0xx.o(RESET) refers to startup_apm32f0xx.o(STACK) for __initial_sp
    startup_apm32f0xx.o(RESET) refers to startup_apm32f0xx.o(.text) for Reset_Handler
    startup_apm32f0xx.o(RESET) refers to apm32f00x_int.o(i.NMI_Handler) for NMI_Handler
    startup_apm32f0xx.o(RESET) refers to apm32f00x_int.o(i.HardFault_Handler) for HardFault_Handler
    startup_apm32f0xx.o(RESET) refers to apm32f00x_int.o(i.SVC_Handler) for SVC_Handler
    startup_apm32f0xx.o(RESET) refers to apm32f00x_int.o(i.PendSV_Handler) for PendSV_Handler
    startup_apm32f0xx.o(RESET) refers to apm32f00x_int.o(i.SysTick_Handler) for SysTick_Handler
    startup_apm32f0xx.o(.text) refers to startup_apm32f0xx.o(STACK) for __initial_sp
    startup_apm32f0xx.o(.text) refers to system_apm32f00x.o(i.SystemInit) for SystemInit
    startup_apm32f0xx.o(.text) refers to entry.o(.ARM.Collect$$$$00000000) for __main
    apm32f00x_misc.o(i.NVIC_EnableIRQRequest) refers to apm32f00x_misc.o(i.__NVIC_SetPriority) for __NVIC_SetPriority
    apm32f00x_rcm.o(i.RCM_GetMasterClockFreq) refers to uidiv.o(.text) for __aeabi_uidivmod
    apm32f00x_adc.o(i.ADC_Config) refers to apm32f00x_adc.o(i.ADC_SetChannel) for ADC_SetChannel
    apm32f00x_buzzer.o(i.BUZZER_CalibrationLIRC) refers to uidiv.o(.text) for __aeabi_uidivmod
    apm32f00x_fmc.o(i.FMC_ConfigOptionByteAFR) refers to apm32f00x_fmc.o(i.FMC_WaitForReady) for FMC_WaitForReady
    apm32f00x_fmc.o(i.FMC_ConfigOptionByteClk) refers to apm32f00x_fmc.o(i.FMC_WaitForReady) for FMC_WaitForReady
    apm32f00x_fmc.o(i.FMC_ConfigOptionByteHXTCNT) refers to apm32f00x_fmc.o(i.FMC_WaitForReady) for FMC_WaitForReady
    apm32f00x_fmc.o(i.FMC_ConfigOptionByteUser) refers to apm32f00x_fmc.o(i.FMC_WaitForReady) for FMC_WaitForReady
    apm32f00x_fmc.o(i.FMC_ConfigReadOutProtection) refers to apm32f00x_fmc.o(i.FMC_WaitForReady) for FMC_WaitForReady
    apm32f00x_fmc.o(i.FMC_EnableWriteProtection) refers to apm32f00x_fmc.o(i.FMC_WaitForReady) for FMC_WaitForReady
    apm32f00x_fmc.o(i.FMC_EraseAllPages) refers to apm32f00x_fmc.o(i.FMC_WaitForReady) for FMC_WaitForReady
    apm32f00x_fmc.o(i.FMC_EraseOptionByte) refers to apm32f00x_fmc.o(i.FMC_WaitForReady) for FMC_WaitForReady
    apm32f00x_fmc.o(i.FMC_ErasePage) refers to apm32f00x_fmc.o(i.FMC_WaitForReady) for FMC_WaitForReady
    apm32f00x_fmc.o(i.FMC_ProgramHalfWord) refers to apm32f00x_fmc.o(i.FMC_WaitForReady) for FMC_WaitForReady
    apm32f00x_fmc.o(i.FMC_ProgramOptionByte) refers to apm32f00x_fmc.o(i.FMC_WaitForReady) for FMC_WaitForReady
    apm32f00x_fmc.o(i.FMC_ProgramWord) refers to apm32f00x_fmc.o(i.FMC_WaitForReady) for FMC_WaitForReady
    apm32f00x_fmc.o(i.FMC_WaitForReady) refers to apm32f00x_fmc.o(i.FMC_ReadState) for FMC_ReadState
    apm32f00x_i2c.o(i.I2C_Config) refers to uidiv.o(.text) for __aeabi_uidivmod
    apm32f00x_i2c.o(i.I2C_Config) refers to idiv.o(.text) for __aeabi_idivmod
    apm32f00x_tmr1.o(i.TMR1_ConfigExternalClockMode1) refers to apm32f00x_tmr1.o(i.TMR1_ConfigInputCapture2) for TMR1_ConfigInputCapture2
    apm32f00x_tmr1.o(i.TMR1_ConfigExternalClockMode1) refers to apm32f00x_tmr1.o(i.TMR1_ConfigInputCapture1) for TMR1_ConfigInputCapture1
    apm32f00x_tmr1.o(i.TMR1_ConfigExternalClockMode2) refers to apm32f00x_tmr1.o(i.TMR1_ConfigExternalTrigger) for TMR1_ConfigExternalTrigger
    apm32f00x_tmr1.o(i.TMR1_ConfigInputCapture) refers to apm32f00x_tmr1.o(i.TMR1_EnableChannel) for TMR1_EnableChannel
    apm32f00x_tmr1.o(i.TMR1_ConfigInputCapture) refers to apm32f00x_tmr1.o(i.TMR1_ConfigInputCapture1) for TMR1_ConfigInputCapture1
    apm32f00x_tmr1.o(i.TMR1_ConfigInputCapture) refers to apm32f00x_tmr1.o(i.TMR1_ConfigInputCapture2) for TMR1_ConfigInputCapture2
    apm32f00x_tmr1.o(i.TMR1_ConfigInputCapture) refers to apm32f00x_tmr1.o(i.TMR1_ConfigInputCapture3) for TMR1_ConfigInputCapture3
    apm32f00x_tmr1.o(i.TMR1_ConfigInputCapture) refers to apm32f00x_tmr1.o(i.TMR1_ConfigInputCapture4) for TMR1_ConfigInputCapture4
    apm32f00x_tmr1.o(i.TMR1_ConfigInputPWM) refers to apm32f00x_tmr1.o(i.TMR1_ConfigInputCapture1) for TMR1_ConfigInputCapture1
    apm32f00x_tmr1.o(i.TMR1_ConfigInputPWM) refers to apm32f00x_tmr1.o(i.TMR1_ConfigInputCapture2) for TMR1_ConfigInputCapture2
    apm32f00x_tmr1.o(i.TMR1_ConfigInputPWM) refers to apm32f00x_tmr1.o(i.TMR1_EnableChannel) for TMR1_EnableChannel
    apm32f00x_tmr1.o(i.TMR1_ConfigOutputCompare) refers to apm32f00x_tmr1.o(i.TMR1_EnableChannel) for TMR1_EnableChannel
[...]
    apm32f00x_tmr2.o(i.TMR2_ConfigInputCapture) refers to apm32f00x_tmr2.o(i.TMR2_ConfigInputCapture2) for TMR2_ConfigInputCapture2
    apm32f00x_tmr2.o(i.TMR2_ConfigInputCapture) refers to apm32f00x_tmr2.o(i.TMR2_ConfigInputCapture3) for TMR2_ConfigInputCapture3
    apm32f00x_tmr2.o(i.TMR2_ConfigInputPWM) refers to apm32f00x_tmr2.o(i.TMR2_ConfigInputCapture1) for TMR2_ConfigInputCapture1
    apm32f00x_tmr2.o(i.TMR2_ConfigInputPWM) refers to apm32f00x_tmr2.o(i.TMR2_ConfigInputCapture2) for TMR2_ConfigInputCapture2
    apm32f00x_tmr2.o(i.TMR2_ConfigOutputCompare) refers to apm32f00x_tmr2.o(i.TMR2_ConfigOutputComare1) for TMR2_ConfigOutputComare1
    apm32f00x_tmr2.o(i.TMR2_ConfigOutputCompare) refers to apm32f00x_tmr2.o(i.TMR2_ConfigOutputComare2) for TMR2_ConfigOutputComare2
    apm32f00x_tmr2.o(i.TMR2_ConfigOutputCompare) refers to apm32f00x_tmr2.o(i.TMR2_ConfigOutputComare3) for TMR2_ConfigOutputComare3
    apm32f00x_tmr2.o(i.TMR2_ReadCompareCapture) refers to apm32f00x_tmr2.o(i.TMR2_ReadCapture1) for TMR2_ReadCapture1
    apm32f00x_tmr2.o(i.TMR2_ReadCompareCapture) refers to apm32f00x_tmr2.o(i.TMR2_ReadCapture2) for TMR2_ReadCapture2
    apm32f00x_tmr2.o(i.TMR2_ReadCompareCapture) refers to apm32f00x_tmr2.o(i.TMR2_ReadCapture3) for TMR2_ReadCapture3
    apm32f00x_usart.o(i.USART_Config) refers to apm32f00x_rcm.o(i.RCM_GetMasterClockFreq) for RCM_GetMasterClockFreq
    apm32f00x_usart.o(i.USART_Config) refers to uidiv.o(.text) for __aeabi_uidivmod
    apm32f00x_usart.o(i.USART_Config) refers to apm32f00x_usart.o(i.USART_EnableInterrupt) for USART_EnableInterrupt
    apm32f00x_wupt.o(i.WUPT_CalibrationLIRC) refers to uidiv.o(.text) for __aeabi_uidivmod
    apm32f00x_wupt.o(i.WUPT_Config) refers to apm32f00x_wupt.o(.constdata) for g_timeBaseTab
    board.o(i.Board_KeyInit) refers to apm32f00x_eint.o(i.EINT_Config) for EINT_Config
    board.o(i.Board_KeyInit) refers to apm32f00x_gpio.o(i.GPIO_Config) for GPIO_Config
    board.o(i.Board_KeyInit) refers to board.o(.constdata) for g_keyGPIO
    board.o(i.Board_LedInit) refers to apm32f00x_gpio.o(i.GPIO_Config) for GPIO_Config
    board.o(i.Board_LedInit) refers to board.o(.constdata) for g_ledGPIO
    board.o(i.Board_LedOff) refers to apm32f00x_gpio.o(i.GPIO_SetBit) for GPIO_SetBit
    board.o(i.Board_LedOff) refers to board.o(.constdata) for g_ledGPIO
    board.o(i.Board_LedOn) refers to apm32f00x_gpio.o(i.GPIO_ClearBit) for GPIO_ClearBit
    board.o(i.Board_LedOn) refers to board.o(.constdata) for g_ledGPIO
    board.o(i.Board_LedToggle) refers to apm32f00x_gpio.o(i.GPIO_Toggle) for GPIO_Toggle
    board.o(i.Board_LedToggle) refers to board.o(.constdata) for g_ledGPIO
    board.o(i.Board_ReadKeyState) refers to apm32f00x_gpio.o(i.GPIO_ReadInputBit) for GPIO_ReadInputBit
    board.o(i.Board_ReadKeyState) refers to board.o(.constdata) for g_keyGPIO
    main.o(i.TMR1Init) refers to apm32f00x_tmr1.o(i.TMR1_ConfigTimerBase) for TMR1_ConfigTimerBase
    main.o(i.TMR1Init) refers to apm32f00x_tmr1.o(i.TMR1_ConfigInputTrigger) for TMR1_ConfigInputTrigger
    main.o(i.TMR1Init) refers to apm32f00x_tmr1.o(i.TMR1_ConfigSlaveMode) for TMR1_ConfigSlaveMode
    main.o(i.TMR1Init) refers to apm32f00x_tmr1.o(i.TMR1_Enable) for TMR1_Enable
    main.o(i.TMR2Init) refers to apm32f00x_tmr2.o(i.TMR2_ConfigTimerBase) for TMR2_ConfigTimerBase
    main.o(i.TMR2Init) refers to apm32f00x_tmr2.o(i.TMR2_ConfigMasterMode) for TMR2_ConfigMasterMode
    main.o(i.TMR2Init) refers to apm32f00x_tmr2.o(i.TMR2_EnableMasterMode) for TMR2_EnableMasterMode
    main.o(i.TMR2Init) refers to apm32f00x_tmr2.o(i.TMR2_Enable) for TMR2_Enable
    main.o(i.USARTInit) refers to apm32f00x_usart.o(i.USART_ConfigSyncClock) for USART_ConfigSyncClock
    main.o(i.USARTInit) refers to apm32f00x_usart.o(i.USART_Config) for USART_Config
    main.o(i.USARTInit) refers to apm32f00x_usart.o(i.USART_Enable) for USART_Enable
    main.o(i.fputc) refers to apm32f00x_usart.o(i.USART_ReadStatusFlag) for USART_ReadStatusFlag
    main.o(i.fputc) refers to apm32f00x_usart.o(i.USART_TxData8) for USART_TxData8
    main.o(i.main) refers to main.o(i.USARTInit) for USARTInit
    main.o(i.main) refers to main.o(i.TMR2Init) for TMR2Init
    main.o(i.main) refers to main.o(i.TMR1Init) for TMR1Init
    main.o(i.main) refers to apm32f00x_tmr1.o(i.TMR1_ReadCounter) for TMR1_ReadCounter
    main.o(i.main) refers to apm32f00x_tmr2.o(i.TMR2_ReadCounter) for TMR2_ReadCounter
    main.o(i.main) refers to printf8.o(i.__0printf$8) for __2printf
    entry.o(.ARM.Collect$$$$00000000) refers (Special) to entry10a.o(.ARM.Collect$$$$0000000F) for __rt_final_cpp
    entry.o(.ARM.Collect$$$$00000000) refers (Special) to entry11a.o(.ARM.Collect$$$$00000011) for __rt_final_exit
    entry.o(.ARM.Collect$$$$00000000) refers (Special) to entry12b.o(.ARM.Collect$$$$0000000E) for __rt_lib_shutdown_fini
    entry.o(.ARM.Collect$$$$00000000) refers (Special) to entry7b.o(.ARM.Collect$$$$00000008) for _main_clock
    entry.o(.ARM.Collect$$$$00000000) refers (Special) to entry8b.o(.ARM.Collect$$$$0000000A) for _main_cpp_init
    entry.o(.ARM.Collect$$$$00000000) refers (Special) to entry9a.o(.ARM.Collect$$$$0000000B) for _main_init
    entry.o(.ARM.Collect$$$$00000000) refers (Special) to entry5.o(.ARM.Collect$$$$00000004) for _main_scatterload
    entry.o(.ARM.Collect$$$$00000000) refers (Special) to entry2.o(.ARM.Collect$$$$00000001) for _main_stk
    idiv.o(.text) refers to uidiv.o(.text) for __aeabi_uidivmod
    printfb.o(i.__0fprintf$bare) refers to printfb.o(i._printf_core) for _printf_core
    printfb.o(i.__0fprintf$bare) refers to main.o(i.fputc) for fputc
    printfb.o(i.__0printf$bare) refers to printfb.o(i._printf_core) for _printf_core
    printfb.o(i.__0printf$bare) refers to main.o(i.fputc) for fputc
    printfb.o(i.__0printf$bare) refers to stdout.o(.data) for __stdout
    printfb.o(i.__0snprintf$bare) refers to printfb.o(i._printf_core) for _printf_core
    printfb.o(i.__0snprintf$bare) refers to printfb.o(i._snputc) for _snputc
    printfb.o(i.__0sprintf$bare) refers to printfb.o(i._printf_core) for _printf_core
    printfb.o(i.__0sprintf$bare) refers to printfb.o(i._sputc) for _sputc
    printfb.o(i.__0vfprintf$bare) refers to printfb.o(i._printf_core) for _printf_core
    printfb.o(i.__0vfprintf$bare) refers to main.o(i.fputc) for fputc
    printfb.o(i.__0vprintf$bare) refers to printfb.o(i._printf_core) for _printf_core
    printfb.o(i.__0vprintf$bare) refers to main.o(i.fputc) for fputc
    printfb.o(i.__0vprintf$bare) refers to stdout.o(.data) for __stdout
    printfb.o(i.__0vsnprintf$bare) refers to printfb.o(i._printf_core) for _printf_core
    printfb.o(i.__0vsnprintf$bare) refers to printfb.o(i._snputc) for _snputc
    printfb.o(i.__0vsprintf$bare) refers to printfb.o(i._printf_core) for _printf_core
    printfb.o(i.__0vsprintf$bare) refers to printfb.o(i._sputc) for _sputc
    printf0.o(i.__0fprintf$0) refers to printf0.o(i._printf_core) for _printf_core
    printf0.o(i.__0fprintf$0) refers to main.o(i.fputc) for fputc
    printf0.o(i.__0printf$0) refers to printf0.o(i._printf_core) for _printf_core
    printf0.o(i.__0printf$0) refers to main.o(i.fputc) for fputc
    printf0.o(i.__0printf$0) refers to stdout.o(.data) for __stdout
    printf0.o(i.__0snprintf$0) refers to printf0.o(i._printf_core) for _printf_core
    printf0.o(i.__0snprintf$0) refers to printf0.o(i._snputc) for _snputc
    printf0.o(i.__0sprintf$0) refers to printf0.o(i._printf_core) for _printf_core
    printf0.o(i.__0sprintf$0) refers to printf0.o(i._sputc) for _sputc
    printf0.o(i.__0vfprintf$0) refers to printf0.o(i._printf_core) for _printf_core
    printf0.o(i.__0vfprintf$0) refers to main.o(i.fputc) for fputc
    printf0.o(i.__0vprintf$0) refers to printf0.o(i._printf_core) for _printf_core
    printf0.o(i.__0vprintf$0) refers to main.o(i.fputc) for fputc
    printf0.o(i.__0vprintf$0) refers to stdout.o(.data) for __stdout
    printf0.o(i.__0vsnprintf$0) refers to printf0.o(i._printf_core) for _printf_core
    printf0.o(i.__0vsnprintf$0) refers to printf0.o(i._snputc) for _snputc
    printf0.o(i.__0vsprintf$0) refers to printf0.o(i._printf_core) for _printf_core
    printf0.o(i.__0vsprintf$0) refers to printf0.o(i._sputc) for _sputc
    printf1.o(i.__0fprintf$1) refers to printf1.o(i._printf_core) for _printf_core
    printf1.o(i.__0fprintf$1) refers to main.o(i.fputc) for fputc
    printf1.o(i.__0printf$1) refers to printf1.o(i._printf_core) for _printf_core
    printf1.o(i.__0printf$1) refers to main.o(i.fputc) for fputc
    printf1.o(i.__0printf$1) refers to stdout.o(.data) for __stdout
    printf1.o(i.__0snprintf$1) refers to printf1.o(i._printf_core) for _printf_core
    printf1.o(i.__0snprintf$1) refers to printf1.o(i._snputc) for _snputc
    printf1.o(i.__0sprintf$1) refers to printf1.o(i._printf_core) for _printf_core
    printf1.o(i.__0sprintf$1) refers to printf1.o(i._sputc) for _sputc
    printf1.o(i.__0vfprintf$1) refers to printf1.o(i._printf_core) for _printf_core
    printf1.o(i.__0vfprintf$1) refers to main.o(i.fputc) for fputc
    printf1.o(i.__0vprintf$1) refers to printf1.o(i._printf_core) for _printf_core
    printf1.o(i.__0vprintf$1) refers to main.o(i.fputc) for fputc
    printf1.o(i.__0vprintf$1) refers to stdout.o(.data) for __stdout
    printf1.o(i.__0vsnprintf$1) refers to printf1.o(i._printf_core) for _printf_core
    printf1.o(i.__0vsnprintf$1) refers to printf1.o(i._snputc) for _snputc
    printf1.o(i.__0vsprintf$1) refers to printf1.o(i._printf_core) for _printf_core
    printf1.o(i.__0vsprintf$1) refers to printf1.o(i._sputc) for _sputc
    printf1.o(i._printf_core) refers to uidiv.o(.text) for __aeabi_uidivmod
    printf2.o(i.__0fprintf$2) refers to printf2.o(i._printf_core) for _printf_core
    printf2.o(i.__0fprintf$2) refers to main.o(i.fputc) for fputc
    printf2.o(i.__0printf$2) refers to printf2.o(i._printf_core) for _printf_core
    printf2.o(i.__0printf$2) refers to main.o(i.fputc) for fputc
    printf2.o(i.__0printf$2) refers to stdout.o(.data) for __stdout
    printf2.o(i.__0snprintf$2) refers to printf2.o(i._printf_core) for _printf_core
    printf2.o(i.__0snprintf$2) refers to printf2.o(i._snputc) for _snputc
    printf2.o(i.__0sprintf$2) refers to printf2.o(i._printf_core) for _printf_core
    printf2.o(i.__0sprintf$2) refers to printf2.o(i._sputc) for _sputc
    printf2.o(i.__0vfprintf$2) refers to printf2.o(i._printf_core) for _printf_core
    printf2.o(i.__0vfprintf$2) refers to main.o(i.fputc) for fputc
    printf2.o(i.__0vprintf$2) refers to printf2.o(i._printf_core) for _printf_core
    printf2.o(i.__0vprintf$2) refers to main.o(i.fputc) for fputc
    printf2.o(i.__0vprintf$2) refers to stdout.o(.data) for __stdout
    printf2.o(i.__0vsnprintf$2) refers to printf2.o(i._printf_core) for _printf_core
    printf2.o(i.__0vsnprintf$2) refers to printf2.o(i._snputc) for _snputc
    printf2.o(i.__0vsprintf$2) refers to printf2.o(i._printf_core) for _printf_core
    printf2.o(i.__0vsprintf$2) refers to printf2.o(i._sputc) for _sputc
    printf3.o(i.__0fprintf$3) refers to printf3.o(i._printf_core) for _printf_core
    printf3.o(i.__0fprintf$3) refers to main.o(i.fputc) for fputc
    printf3.o(i.__0printf$3) refers to printf3.o(i._printf_core) for _printf_core
    printf3.o(i.__0printf$3) refers to main.o(i.fputc) for fputc
    printf3.o(i.__0printf$3) refers to stdout.o(.data) for __stdout
    printf3.o(i.__0snprintf$3) refers to printf3.o(i._printf_core) for _printf_core
    printf3.o(i.__0snprintf$3) refers to printf3.o(i._snputc) for _snputc
    printf3.o(i.__0sprintf$3) refers to printf3.o(i._printf_core) for _printf_core
    printf3.o(i.__0sprintf$3) refers to printf3.o(i._sputc) for _sputc
    printf3.o(i.__0vfprintf$3) refers to printf3.o(i._printf_core) for _printf_core
    printf3.o(i.__0vfprintf$3) refers to main.o(i.fputc) for fputc
    printf3.o(i.__0vprintf$3) refers to printf3.o(i._printf_core) for _printf_core
    printf3.o(i.__0vprintf$3) refers to main.o(i.fputc) for fputc
    printf3.o(i.__0vprintf$3) refers to stdout.o(.data) for __stdout
    printf3.o(i.__0vsnprintf$3) refers to printf3.o(i._printf_core) for _printf_core
    printf3.o(i.__0vsnprintf$3) refers to printf3.o(i._snputc) for _snputc
    printf3.o(i.__0vsprintf$3) refers to printf3.o(i._printf_core) for _printf_core
    printf3.o(i.__0vsprintf$3) refers to printf3.o(i._sputc) for _sputc
    printf3.o(i._printf_core) refers to uidiv.o(.text) for __aeabi_uidivmod
    printf4.o(i.__0fprintf$4) refers to printf4.o(i._printf_core) for _printf_core
    printf4.o(i.__0fprintf$4) refers to main.o(i.fputc) for fputc
    printf4.o(i.__0printf$4) refers to printf4.o(i._printf_core) for _printf_core
    printf4.o(i.__0printf$4) refers to main.o(i.fputc) for fputc
    printf4.o(i.__0printf$4) refers to stdout.o(.data) for __stdout
    printf4.o(i.__0snprintf$4) refers to printf4.o(i._printf_core) for _printf_core
    printf4.o(i.__0snprintf$4) refers to printf4.o(i._snputc) for _snputc
    printf4.o(i.__0sprintf$4) refers to printf4.o(i._printf_core) for _printf_core
    printf4.o(i.__0sprintf$4) refers to printf4.o(i._sputc) for _sputc
    printf4.o(i.__0vfprintf$4) refers to printf4.o(i._printf_core) for _printf_core
    printf4.o(i.__0vfprintf$4) refers to main.o(i.fputc) for fputc
    printf4.o(i.__0vprintf$4) refers to printf4.o(i._printf_core) for _printf_core
    printf4.o(i.__0vprintf$4) refers to main.o(i.fputc) for fputc
    printf4.o(i.__0vprintf$4) refers to stdout.o(.data) for __stdout
    printf4.o(i.__0vsnprintf$4) refers to printf4.o(i._printf_core) for _printf_core
    printf4.o(i.__0vsnprintf$4) refers to printf4.o(i._snputc) for _snputc
    printf4.o(i.__0vsprintf$4) refers to printf4.o(i._printf_core) for _printf_core
    printf4.o(i.__0vsprintf$4) refers to printf4.o(i._sputc) for _sputc
    printf4.o(i._printf_core) refers to uldiv.o(.text) for __aeabi_uldivmod
    printf5.o(i.__0fprintf$5) refers to printf5.o(i._printf_core) for _printf_core
    printf5.o(i.__0fprintf$5) refers to main.o(i.fputc) for fputc
    printf5.o(i.__0printf$5) refers to printf5.o(i._printf_core) for _printf_core
    printf5.o(i.__0printf$5) refers to main.o(i.fputc) for fputc
    printf5.o(i.__0printf$5) refers to stdout.o(.data) for __stdout
    printf5.o(i.__0snprintf$5) refers to printf5.o(i._printf_core) for _printf_core
    printf5.o(i.__0snprintf$5) refers to printf5.o(i._snputc) for _snputc
    printf5.o(i.__0sprintf$5) refers to printf5.o(i._printf_core) for _printf_core
    printf5.o(i.__0sprintf$5) refers to printf5.o(i._sputc) for _sputc
    printf5.o(i.__0vfprintf$5) refers to printf5.o(i._printf_core) for _printf_core
    printf5.o(i.__0vfprintf$5) refers to main.o(i.fputc) for fputc
    printf5.o(i.__0vprintf$5) refers to printf5.o(i._printf_core) for _printf_core
    printf5.o(i.__0vprintf$5) refers to main.o(i.fputc) for fputc
    printf5.o(i.__0vprintf$5) refers to stdout.o(.data) for __stdout
    printf5.o(i.__0vsnprintf$5) refers to printf5.o(i._printf_core) for _printf_core
    printf5.o(i.__0vsnprintf$5) refers to printf5.o(i._snputc) for _snputc
    printf5.o(i.__0vsprintf$5) refers to printf5.o(i._printf_core) for _printf_core
    printf5.o(i.__0vsprintf$5) refers to printf5.o(i._sputc) for _sputc
    printf5.o(i._printf_core) refers to uldiv.o(.text) for __aeabi_uldivmod
    printf6.o(i.__0fprintf$6) refers to printf6.o(i._printf_core) for _printf_core
    printf6.o(i.__0fprintf$6) refers to main.o(i.fputc) for fputc
    printf6.o(i.__0printf$6) refers to printf6.o(i._printf_core) for _printf_core
    printf6.o(i.__0printf$6) refers to main.o(i.fputc) for fputc
    printf6.o(i.__0printf$6) refers to stdout.o(.data) for __stdout
    printf6.o(i.__0snprintf$6) refers to printf6.o(i._printf_core) for _printf_core
    printf6.o(i.__0snprintf$6) refers to printf6.o(i._snputc) for _snputc
    printf6.o(i.__0sprintf$6) refers to printf6.o(i._printf_core) for _printf_core
    printf6.o(i.__0sprintf$6) refers to printf6.o(i._sputc) for _sputc
    printf6.o(i.__0vfprintf$6) refers to printf6.o(i._printf_core) for _printf_core
    printf6.o(i.__0vfprintf$6) refers to main.o(i.fputc) for fputc
    printf6.o(i.__0vprintf$6) refers to printf6.o(i._printf_core) for _printf_core
    printf6.o(i.__0vprintf$6) refers to main.o(i.fputc) for fputc
    printf6.o(i.__0vprintf$6) refers to stdout.o(.data) for __stdout
    printf6.o(i.__0vsnprintf$6) refers to printf6.o(i._printf_core) for _printf_core
    printf6.o(i.__0vsnprintf$6) refers to printf6.o(i._snputc) for _snputc
    printf6.o(i.__0vsprintf$6) refers to printf6.o(i._printf_core) for _printf_core
    printf6.o(i.__0vsprintf$6) refers to printf6.o(i._sputc) for _sputc
    printf6.o(i._printf_core) refers to printf6.o(i._printf_pre_padding) for _printf_pre_padding
    printf6.o(i._printf_core) refers to printf6.o(i._printf_post_padding) for _printf_post_padding
    printf6.o(i._printf_core) refers to uidiv.o(.text) for __aeabi_uidivmod
    printf7.o(i.__0fprintf$7) refers to printf7.o(i._printf_core) for _printf_core
    printf7.o(i.__0fprintf$7) refers to main.o(i.fputc) for fputc
    printf7.o(i.__0printf$7) refers to printf7.o(i._printf_core) for _printf_core
    printf7.o(i.__0printf$7) refers to main.o(i.fputc) for fputc
    printf7.o(i.__0printf$7) refers to stdout.o(.data) for __stdout
    printf7.o(i.__0snprintf$7) refers to printf7.o(i._printf_core) for _printf_core
    printf7.o(i.__0snprintf$7) refers to printf7.o(i._snputc) for _snputc
    printf7.o(i.__0sprintf$7) refers to printf7.o(i._printf_core) for _printf_core
    printf7.o(i.__0sprintf$7) refers to printf7.o(i._sputc) for _sputc
    printf7.o(i.__0vfprintf$7) refers to printf7.o(i._printf_core) for _printf_core
    printf7.o(i.__0vfprintf$7) refers to main.o(i.fputc) for fputc
    printf7.o(i.__0vprintf$7) refers to printf7.o(i._printf_core) for _printf_core
    printf7.o(i.__0vprintf$7) refers to main.o(i.fputc) for fputc
    printf7.o(i.__0vprintf$7) refers to stdout.o(.data) for __stdout
    printf7.o(i.__0vsnprintf$7) refers to printf7.o(i._printf_core) for _printf_core
    printf7.o(i.__0vsnprintf$7) refers to printf7.o(i._snputc) for _snputc
    printf7.o(i.__0vsprintf$7) refers to printf7.o(i._printf_core) for _printf_core
    printf7.o(i.__0vsprintf$7) refers to printf7.o(i._sputc) for _sputc
    printf7.o(i._printf_core) refers to printf7.o(i._printf_pre_padding) for _printf_pre_padding
    printf7.o(i._printf_core) refers to printf7.o(i._printf_post_padding) for _printf_post_padding
    printf7.o(i._printf_core) refers to uldiv.o(.text) for __aeabi_uldivmod
    printf8.o(i.__0fprintf$8) refers to printf8.o(i._printf_core) for _printf_core
    printf8.o(i.__0fprintf$8) refers to main.o(i.fputc) for fputc
    printf8.o(i.__0printf$8) refers to printf8.o(i._printf_core) for _printf_core
    printf8.o(i.__0printf$8) refers to main.o(i.fputc) for fputc
    printf8.o(i.__0printf$8) refers to stdout.o(.data) for __stdout
    printf8.o(i.__0snprintf$8) refers to printf8.o(i._printf_core) for _printf_core
    printf8.o(i.__0snprintf$8) refers to printf8.o(i._snputc) for _snputc
    printf8.o(i.__0sprintf$8) refers to printf8.o(i._printf_core) for _printf_core
    printf8.o(i.__0sprintf$8) refers to printf8.o(i._sputc) for _sputc
    printf8.o(i.__0vfprintf$8) refers to printf8.o(i._printf_core) for _printf_core
    printf8.o(i.__0vfprintf$8) refers to main.o(i.fputc) for fputc
    printf8.o(i.__0vprintf$8) refers to printf8.o(i._printf_core) for _printf_core
    printf8.o(i.__0vprintf$8) refers to main.o(i.fputc) for fputc
    printf8.o(i.__0vprintf$8) refers to stdout.o(.data) for __stdout
    printf8.o(i.__0vsnprintf$8) refers to printf8.o(i._printf_core) for _printf_core
    printf8.o(i.__0vsnprintf$8) refers to printf8.o(i._snputc) for _snputc
    printf8.o(i.__0vsprintf$8) refers to printf8.o(i._printf_core) for _printf_core
    printf8.o(i.__0vsprintf$8) refers to printf8.o(i._sputc) for _sputc
    printf8.o(i._printf_core) refers to printf8.o(i._printf_pre_padding) for _printf_pre_padding
    printf8.o(i._printf_core) refers to printf8.o(i._printf_post_padding) for _printf_post_padding
    printf8.o(i._printf_core) refers to uldiv.o(.text) for __aeabi_uldivmod
    printfa.o(i.__0fprintf) refers (Special) to iusefp.o(.text) for __I$use$fp
    printfa.o(i.__0fprintf) refers to printfa.o(i._printf_core) for _printf_core
    printfa.o(i.__0fprintf) refers to main.o(i.fputc) for fputc
    printfa.o(i.__0printf) refers (Special) to iusefp.o(.text) for __I$use$fp
    printfa.o(i.__0printf) refers to printfa.o(i._printf_core) for _printf_core
    printfa.o(i.__0printf) refers to main.o(i.fputc) for fputc
    printfa.o(i.__0printf) refers to stdout.o(.data) for __stdout
    printfa.o(i.__0snprintf) refers (Special) to iusefp.o(.text) for __I$use$fp
    printfa.o(i.__0snprintf) refers to printfa.o(i._printf_core) for _printf_core
    printfa.o(i.__0snprintf) refers to printfa.o(i._snputc) for _snputc
    printfa.o(i.__0sprintf) refers (Special) to iusefp.o(.text) for __I$use$fp
    printfa.o(i.__0sprintf) refers to printfa.o(i._printf_core) for _printf_core
    printfa.o(i.__0sprintf) refers to printfa.o(i._sputc) for _sputc
    printfa.o(i.__0vfprintf) refers (Special) to iusefp.o(.text) for __I$use$fp
    printfa.o(i.__0vfprintf) refers to printfa.o(i._printf_core) for _printf_core
    printfa.o(i.__0vfprintf) refers to main.o(i.fputc) for fputc
    printfa.o(i.__0vprintf) refers (Special) to iusefp.o(.text) for __I$use$fp
    printfa.o(i.__0vprintf) refers to printfa.o(i._printf_core) for _printf_core
    printfa.o(i.__0vprintf) refers to main.o(i.fputc) for fputc
    printfa.o(i.__0vprintf) refers to stdout.o(.data) for __stdout
    printfa.o(i.__0vsnprintf) refers (Special) to iusefp.o(.text) for __I$use$fp
    printfa.o(i.__0vsnprintf) refers to printfa.o(i._printf_core) for _printf_core
    printfa.o(i.__0vsnprintf) refers to printfa.o(i._snputc) for _snputc
    printfa.o(i.__0vsprintf) refers (Special) to iusefp.o(.text) for __I$use$fp
    printfa.o(i.__0vsprintf) refers to printfa.o(i._printf_core) for _printf_core
    printfa.o(i.__0vsprintf) refers to printfa.o(i._sputc) for _sputc
    printfa.o(i._fp_digits) refers (Special) to iusefp.o(.text) for __I$use$fp
    printfa.o(i._fp_digits) refers to dmul.o(.text) for __aeabi_dmul
    printfa.o(i._fp_digits) refers to ddiv.o(.text) for __aeabi_ddiv
    printfa.o(i._fp_digits) refers to cdrcmple.o(.text) for __aeabi_cdrcmple
    printfa.o(i._fp_digits) refers to dadd.o(.text) for __aeabi_dadd
    printfa.o(i._fp_digits) refers to dfixul.o(.text) for __aeabi_d2ulz
    printfa.o(i._fp_digits) refers to uldiv.o(.text) for __aeabi_uldivmod
    printfa.o(i._printf_core) refers (Special) to iusefp.o(.text) for __I$use$fp
    printfa.o(i._printf_core) refers to printfa.o(i._printf_pre_padding) for _printf_pre_padding
    printfa.o(i._printf_core) refers to uldiv.o(.text) for __aeabi_uldivmod
    printfa.o(i._printf_core) refers to printfa.o(i._printf_post_padding) for _printf_post_padding
    printfa.o(i._printf_core) refers to printfa.o(i._fp_digits) for _fp_digits
    printfa.o(i._printf_core) refers to uidiv.o(.text) for __aeabi_uidivmod
    printfa.o(i._printf_post_padding) refers (Special) to iusefp.o(.text) for __I$use$fp
    printfa.o(i._printf_pre_padding) refers (Special) to iusefp.o(.text) for __I$use$fp
    printfa.o(i._snputc) refers (Special) to iusefp.o(.text) for __I$use$fp
    printfa.o(i._sputc) refers (Special) to iusefp.o(.text) for __I$use$fp
    entry2.o(.ARM.Collect$$$$00000001) refers to entry2.o(.ARM.Collect$$$$00002712) for __lit__00000000
    entry2.o(.ARM.Collect$$$$00002712) refers to startup_apm32f0xx.o(STACK) for __initial_sp
    entry2.o(__vectab_stack_and_reset_area) refers to startup_apm32f0xx.o(STACK) for __initial_sp
    entry2.o(__vectab_stack_and_reset_area) refers to entry.o(.ARM.Collect$$$$00000000) for __main
    entry5.o(.ARM.Collect$$$$00000004) refers to init.o(.text) for __scatterload
    entry9a.o(.ARM.Collect$$$$0000000B) refers to main.o(i.main) for main
    entry9b.o(.ARM.Collect$$$$0000000C) refers to main.o(i.main) for main
    uldiv.o(.text) refers to llushr.o(.text) for __aeabi_llsr
    uldiv.o(.text) refers to llshl.o(.text) for __aeabi_llsl
    dadd.o(.text) refers to llshl.o(.text) for __aeabi_llsl
    dadd.o(.text) refers to llsshr.o(.text) for __aeabi_lasr
    dadd.o(.text) refers to depilogue.o(.text) for _double_epilogue
    dmul.o(.text) refers to depilogue.o(.text) for _double_epilogue
    ddiv.o(.text) refers to depilogue.o(.text) for _double_round
    dfixul.o(.text) refers to llushr.o(.text) for __aeabi_llsr
    dfixul.o(.text) refers to llshl.o(.text) for __aeabi_llsl
    init.o(.text) refers to entry5.o(.ARM.Collect$$$$00000004) for __main_after_scatterload
    depilogue.o(.text) refers to depilogue.o(i.__ARM_clz) for __ARM_clz
    depilogue.o(.text) refers to llshl.o(.text) for __aeabi_llsl
    depilogue.o(.text) refers to llushr.o(.text) for __aeabi_llsr


==============================================================================

Removing Unused input sections from the image.

    Removing system_apm32f00x.o(.rev16_text), (4 bytes).
    Removing system_apm32f00x.o(.revsh_text), (4 bytes).
    Removing startup_apm32f0xx.o(HEAP), (512 bytes).
    Removing apm32f00x_eint.o(.rev16_text), (4 bytes).
    Removing apm32f00x_eint.o(.revsh_text), (4 bytes).
    Removing apm32f00x_eint.o(i.EINT_ClearIntFlag), (16 bytes).
    Removing apm32f00x_eint.o(i.EINT_Config), (136 bytes).
    Removing apm32f00x_eint.o(i.EINT_Reset), (16 bytes).
    Removing apm32f00x_gpio.o(.rev16_text), (4 bytes).
    Removing apm32f00x_gpio.o(.revsh_text), (4 bytes).
    Removing apm32f00x_gpio.o(i.GPIO_ClearBit), (8 bytes).
    Removing apm32f00x_gpio.o(i.GPIO_Config), (126 bytes).
    Removing apm32f00x_gpio.o(i.GPIO_ConfigStructInit), (14 bytes).
    Removing apm32f00x_gpio.o(i.GPIO_DisableSWD), (12 bytes).
    Removing apm32f00x_gpio.o(i.GPIO_EnableSWD), (12 bytes).
    Removing apm32f00x_gpio.o(i.GPIO_ReadInputBit), (20 bytes).
    Removing apm32f00x_gpio.o(i.GPIO_ReadInputPort), (8 bytes).
    Removing apm32f00x_gpio.o(i.GPIO_ReadOutputPort), (8 bytes).
    Removing apm32f00x_gpio.o(i.GPIO_Reset), (14 bytes).
    Removing apm32f00x_gpio.o(i.GPIO_SetBit), (8 bytes).
    Removing apm32f00x_gpio.o(i.GPIO_Toggle), (8 bytes).
    Removing apm32f00x_gpio.o(i.GPIO_WriteOutputPort), (4 bytes).
    Removing apm32f00x_misc.o(.rev16_text), (4 bytes).
    Removing apm32f00x_misc.o(.revsh_text), (4 bytes).
    Removing apm32f00x_misc.o(i.NVIC_DisableIRQRequest), (60 bytes).
    Removing apm32f00x_misc.o(i.NVIC_EnableIRQRequest), (40 bytes).
    Removing apm32f00x_misc.o(i.PMU_EnterHaltModeWFE), (36 bytes).
    Removing apm32f00x_misc.o(i.PMU_EnterHaltModeWFI), (36 bytes).
    Removing apm32f00x_misc.o(i.PMU_EnterWaitMode), (20 bytes).
    Removing apm32f00x_misc.o(i.__NVIC_SetPriority), (120 bytes).
    Removing apm32f00x_rcm.o(.rev16_text), (4 bytes).
    Removing apm32f00x_rcm.o(.revsh_text), (4 bytes).
    Removing apm32f00x_rcm.o(i.RCM_ClearIntFlag), (48 bytes).
    Removing apm32f00x_rcm.o(i.RCM_ClearResetFlag), (16 bytes).
    Removing apm32f00x_rcm.o(i.RCM_ConfigCPUClkDiv), (24 bytes).
    Removing apm32f00x_rcm.o(i.RCM_ConfigClockOutput), (28 bytes).
    Removing apm32f00x_rcm.o(i.RCM_ConfigClockSwitch), (252 bytes).
    Removing apm32f00x_rcm.o(i.RCM_ConfigHIRCDiv), (48 bytes).
    Removing apm32f00x_rcm.o(i.RCM_ConfigRegulatorPower), (28 bytes).
    Removing apm32f00x_rcm.o(i.RCM_DisableAPBPeriphClock), (76 bytes).
    Removing apm32f00x_rcm.o(i.RCM_DisableClockOutput), (20 bytes).
    Removing apm32f00x_rcm.o(i.RCM_DisableClockSwitch), (20 bytes).
    Removing apm32f00x_rcm.o(i.RCM_DisableFastWakeup), (20 bytes).
    Removing apm32f00x_rcm.o(i.RCM_DisableHIRC), (20 bytes).
    Removing apm32f00x_rcm.o(i.RCM_DisableHXT), (20 bytes).
    Removing apm32f00x_rcm.o(i.RCM_DisableInterrupt), (48 bytes).
    Removing apm32f00x_rcm.o(i.RCM_DisableLIRC), (20 bytes).
    Removing apm32f00x_rcm.o(i.RCM_EnableAPBPeriphClock), (76 bytes).
    Removing apm32f00x_rcm.o(i.RCM_EnableClockOutput), (20 bytes).
    Removing apm32f00x_rcm.o(i.RCM_EnableClockSecuritySystem), (20 bytes).
    Removing apm32f00x_rcm.o(i.RCM_EnableClockSwitch), (20 bytes).
    Removing apm32f00x_rcm.o(i.RCM_EnableFastWakeup), (20 bytes).
    Removing apm32f00x_rcm.o(i.RCM_EnableHIRC), (20 bytes).
    Removing apm32f00x_rcm.o(i.RCM_EnableHXT), (20 bytes).
    Removing apm32f00x_rcm.o(i.RCM_EnableInterrupt), (52 bytes).
    Removing apm32f00x_rcm.o(i.RCM_EnableLIRC), (20 bytes).
    Removing apm32f00x_rcm.o(i.RCM_GetMasterClockSource), (12 bytes).
    Removing apm32f00x_rcm.o(i.RCM_ReadClockFlag), (116 bytes).
    Removing apm32f00x_rcm.o(i.RCM_ReadIntFlag), (60 bytes).
    Removing apm32f00x_rcm.o(i.RCM_ReadResetFlag), (28 bytes).
    Removing apm32f00x_rcm.o(i.RCM_Reset), (64 bytes).
    Removing apm32f00x_rcm.o(i.RCM_ResetClockSwitch), (20 bytes).
    Removing apm32f00x_rcm.o(i.RCM_SetHIRCTrim), (16 bytes).
    Removing apm32f00x_adc.o(.rev16_text), (4 bytes).
    Removing apm32f00x_adc.o(.revsh_text), (4 bytes).
    Removing apm32f00x_adc.o(i.ADC_ClearIntFlag), (20 bytes).
    Removing apm32f00x_adc.o(i.ADC_ClearStatusFlag), (44 bytes).
    Removing apm32f00x_adc.o(i.ADC_Config), (188 bytes).
    Removing apm32f00x_adc.o(i.ADC_ConfigConversionMode), (28 bytes).
    Removing apm32f00x_adc.o(i.ADC_ConfigDataAlign), (28 bytes).
    Removing apm32f00x_adc.o(i.ADC_ConfigDivider), (28 bytes).
    Removing apm32f00x_adc.o(i.ADC_ConfigExternalTrigger), (52 bytes).
    Removing apm32f00x_adc.o(i.ADC_ConfigScanMode), (28 bytes).
    Removing apm32f00x_adc.o(i.ADC_ConfigStructInit), (24 bytes).
    Removing apm32f00x_adc.o(i.ADC_Disable), (20 bytes).
    Removing apm32f00x_adc.o(i.ADC_DisableAnalogWatchdog), (32 bytes).
    Removing apm32f00x_adc.o(i.ADC_DisableCompensation), (20 bytes).
    Removing apm32f00x_adc.o(i.ADC_DisableDataBuf), (20 bytes).
    Removing apm32f00x_adc.o(i.ADC_DisableDelay), (20 bytes).
    Removing apm32f00x_adc.o(i.ADC_DisableInterrupt), (16 bytes).
    Removing apm32f00x_adc.o(i.ADC_DisableSchmittTrigger), (32 bytes).
    Removing apm32f00x_adc.o(i.ADC_Enable), (20 bytes).
    Removing apm32f00x_adc.o(i.ADC_EnableAnalogWatchdog), (32 bytes).
    Removing apm32f00x_adc.o(i.ADC_EnableCompensation), (20 bytes).
    Removing apm32f00x_adc.o(i.ADC_EnableDataBuf), (20 bytes).
    Removing apm32f00x_adc.o(i.ADC_EnableDelay), (20 bytes).
    Removing apm32f00x_adc.o(i.ADC_EnableInterrupt), (16 bytes).
    Removing apm32f00x_adc.o(i.ADC_EnableSchmittTrigger), (32 bytes).
    Removing apm32f00x_adc.o(i.ADC_ReadAnalogWatchdogStatus), (44 bytes).
    Removing apm32f00x_adc.o(i.ADC_ReadBufferData), (84 bytes).
    Removing apm32f00x_adc.o(i.ADC_ReadData), (56 bytes).
    Removing apm32f00x_adc.o(i.ADC_ReadIntFlag), (24 bytes).
    Removing apm32f00x_adc.o(i.ADC_ReadOffset), (32 bytes).
    Removing apm32f00x_adc.o(i.ADC_ReadStatusFlag), (48 bytes).
    Removing apm32f00x_adc.o(i.ADC_Reset), (56 bytes).
    Removing apm32f00x_adc.o(i.ADC_SetAWDThresholdHigh), (20 bytes).
    Removing apm32f00x_adc.o(i.ADC_SetAWDThresholdLow), (20 bytes).
    Removing apm32f00x_adc.o(i.ADC_SetChannel), (80 bytes).
    Removing apm32f00x_adc.o(i.ADC_SetDiffInputChannel), (24 bytes).
    Removing apm32f00x_adc.o(i.ADC_SetMode), (28 bytes).
    Removing apm32f00x_adc.o(i.ADC_SetOffset), (16 bytes).
    Removing apm32f00x_adc.o(i.ADC_StartConversion), (20 bytes).
    Removing apm32f00x_buzzer.o(.rev16_text), (4 bytes).
    Removing apm32f00x_buzzer.o(.revsh_text), (4 bytes).
    Removing apm32f00x_buzzer.o(i.BUZZER_CalibrationLIRC), (80 bytes).
    Removing apm32f00x_buzzer.o(i.BUZZER_Config), (52 bytes).
    Removing apm32f00x_buzzer.o(i.BUZZER_Disable), (20 bytes).
    Removing apm32f00x_buzzer.o(i.BUZZER_Enable), (20 bytes).
    Removing apm32f00x_buzzer.o(i.BUZZER_Reset), (12 bytes).
    Removing apm32f00x_fmc.o(.rev16_text), (4 bytes).
    Removing apm32f00x_fmc.o(.revsh_text), (4 bytes).
    Removing apm32f00x_fmc.o(i.FMC_ClearStatusFlag), (16 bytes).
    Removing apm32f00x_fmc.o(i.FMC_ConfigOptionByteAFR), (176 bytes).
    Removing apm32f00x_fmc.o(i.FMC_ConfigOptionByteClk), (108 bytes).
    Removing apm32f00x_fmc.o(i.FMC_ConfigOptionByteHXTCNT), (88 bytes).
    Removing apm32f00x_fmc.o(i.FMC_ConfigOptionByteUser), (116 bytes).
    Removing apm32f00x_fmc.o(i.FMC_ConfigReadOutProtection), (164 bytes).
    Removing apm32f00x_fmc.o(i.FMC_DisableHlafCycleAccess), (20 bytes).
    Removing apm32f00x_fmc.o(i.FMC_DisableInterrupt), (16 bytes).
    Removing apm32f00x_fmc.o(i.FMC_DisablePowerDownActHaltMode), (20 bytes).
    Removing apm32f00x_fmc.o(i.FMC_DisablePowerDownHaltMode), (20 bytes).
    Removing apm32f00x_fmc.o(i.FMC_DisablePrefetchBuffer), (20 bytes).
    Removing apm32f00x_fmc.o(i.FMC_EnableHlafCycleAccess), (20 bytes).
    Removing apm32f00x_fmc.o(i.FMC_EnableInterrupt), (16 bytes).
    Removing apm32f00x_fmc.o(i.FMC_EnablePowerDownActHaltMode), (20 bytes).
    Removing apm32f00x_fmc.o(i.FMC_EnablePowerDownHaltMode), (20 bytes).
    Removing apm32f00x_fmc.o(i.FMC_EnablePrefetchBuffer), (20 bytes).
    Removing apm32f00x_fmc.o(i.FMC_EnableWriteProtection), (120 bytes).
    Removing apm32f00x_fmc.o(i.FMC_EraseAllPages), (76 bytes).
    Removing apm32f00x_fmc.o(i.FMC_EraseOptionByte), (180 bytes).
    Removing apm32f00x_fmc.o(i.FMC_ErasePage), (80 bytes).
    Removing apm32f00x_fmc.o(i.FMC_Lock), (20 bytes).
    Removing apm32f00x_fmc.o(i.FMC_ProgramHalfWord), (64 bytes).
    Removing apm32f00x_fmc.o(i.FMC_ProgramOptionByte), (88 bytes).
    Removing apm32f00x_fmc.o(i.FMC_ProgramWord), (84 bytes).
    Removing apm32f00x_fmc.o(i.FMC_ReadOptionByteUser), (12 bytes).
    Removing apm32f00x_fmc.o(i.FMC_ReadOptionByteWriteProtection), (12 bytes).
    Removing apm32f00x_fmc.o(i.FMC_ReadPrefetchBufferStatus), (24 bytes).
    Removing apm32f00x_fmc.o(i.FMC_ReadProtectionStatus), (24 bytes).
    Removing apm32f00x_fmc.o(i.FMC_ReadState), (44 bytes).
    Removing apm32f00x_fmc.o(i.FMC_ReadStatusFlag), (44 bytes).
    Removing apm32f00x_fmc.o(i.FMC_SetLatency), (24 bytes).
    Removing apm32f00x_fmc.o(i.FMC_SetPowerOnTime), (12 bytes).
    Removing apm32f00x_fmc.o(i.FMC_Unlock), (24 bytes).
    Removing apm32f00x_fmc.o(i.FMC_WaitForReady), (28 bytes).
    Removing apm32f00x_i2c.o(.rev16_text), (4 bytes).
    Removing apm32f00x_i2c.o(.revsh_text), (4 bytes).
    Removing apm32f00x_i2c.o(i.I2C_ClearIntFlag), (28 bytes).
    Removing apm32f00x_i2c.o(i.I2C_ClearStatusFlag), (32 bytes).
    Removing apm32f00x_i2c.o(i.I2C_Config), (356 bytes).
    Removing apm32f00x_i2c.o(i.I2C_ConfigAcknowledge), (48 bytes).
    Removing apm32f00x_i2c.o(i.I2C_ConfigDutyCycle), (28 bytes).
    Removing apm32f00x_i2c.o(i.I2C_ConfigStructInit), (32 bytes).
    Removing apm32f00x_i2c.o(i.I2C_Disable), (20 bytes).
    Removing apm32f00x_i2c.o(i.I2C_DisableBroadcastCall), (20 bytes).
    Removing apm32f00x_i2c.o(i.I2C_DisableGenerateStart), (20 bytes).
    Removing apm32f00x_i2c.o(i.I2C_DisableGenerateStop), (20 bytes).
    Removing apm32f00x_i2c.o(i.I2C_DisableInterrupt), (16 bytes).
    Removing apm32f00x_i2c.o(i.I2C_DisableSoftwareReset), (20 bytes).
    Removing apm32f00x_i2c.o(i.I2C_DisableStretchClock), (20 bytes).
    Removing apm32f00x_i2c.o(i.I2C_Enable), (20 bytes).
    Removing apm32f00x_i2c.o(i.I2C_EnableBroadcastCall), (20 bytes).
    Removing apm32f00x_i2c.o(i.I2C_EnableGenerateStart), (20 bytes).
    Removing apm32f00x_i2c.o(i.I2C_EnableGenerateStop), (20 bytes).
    Removing apm32f00x_i2c.o(i.I2C_EnableInterrupt), (16 bytes).
    Removing apm32f00x_i2c.o(i.I2C_EnableSoftwareReset), (20 bytes).
    Removing apm32f00x_i2c.o(i.I2C_EnableStretchClock), (20 bytes).
    Removing apm32f00x_i2c.o(i.I2C_ReadIntFlag), (68 bytes).
    Removing apm32f00x_i2c.o(i.I2C_ReadStatusFlag), (80 bytes).
    Removing apm32f00x_i2c.o(i.I2C_Reset), (32 bytes).
    Removing apm32f00x_i2c.o(i.I2C_RxData), (12 bytes).
    Removing apm32f00x_i2c.o(i.I2C_TxAddress7Bit), (16 bytes).
    Removing apm32f00x_i2c.o(i.I2C_TxData), (12 bytes).
    Removing apm32f00x_iwdt.o(.rev16_text), (4 bytes).
    Removing apm32f00x_iwdt.o(.revsh_text), (4 bytes).
    Removing apm32f00x_iwdt.o(i.IWDT_DisableWriteAccess), (12 bytes).
    Removing apm32f00x_iwdt.o(i.IWDT_Enable), (12 bytes).
    Removing apm32f00x_iwdt.o(i.IWDT_EnableWriteAccess), (12 bytes).
    Removing apm32f00x_iwdt.o(i.IWDT_ReloadCounter), (12 bytes).
    Removing apm32f00x_iwdt.o(i.IWDT_SetDivider), (12 bytes).
    Removing apm32f00x_iwdt.o(i.IWDT_SetReloadCounter), (12 bytes).
    Removing apm32f00x_spi.o(.rev16_text), (4 bytes).
    Removing apm32f00x_spi.o(.revsh_text), (4 bytes).
    Removing apm32f00x_spi.o(i.SPI_ClearIntFlag), (20 bytes).
    Removing apm32f00x_spi.o(i.SPI_ClearStatusFlag), (16 bytes).
    Removing apm32f00x_spi.o(i.SPI_Config), (184 bytes).
    Removing apm32f00x_spi.o(i.SPI_ConfigMode), (44 bytes).
    Removing apm32f00x_spi.o(i.SPI_ConfigStructInit), (24 bytes).
    Removing apm32f00x_spi.o(i.SPI_Disable), (20 bytes).
    Removing apm32f00x_spi.o(i.SPI_DisableCRC), (20 bytes).
    Removing apm32f00x_spi.o(i.SPI_DisableInterrupt), (16 bytes).
    Removing apm32f00x_spi.o(i.SPI_DisableSlaveSoftwareControl), (20 bytes).
    Removing apm32f00x_spi.o(i.SPI_Enable), (20 bytes).
    Removing apm32f00x_spi.o(i.SPI_EnableCRC), (20 bytes).
    Removing apm32f00x_spi.o(i.SPI_EnableInterrupt), (16 bytes).
    Removing apm32f00x_spi.o(i.SPI_EnableSlaveSoftwareControl), (20 bytes).
    Removing apm32f00x_spi.o(i.SPI_ReadCRCPolynomial), (12 bytes).
    Removing apm32f00x_spi.o(i.SPI_ReadIntFlag), (44 bytes).
    Removing apm32f00x_spi.o(i.SPI_ReadRxCRC), (12 bytes).
    Removing apm32f00x_spi.o(i.SPI_ReadStatusFlag), (28 bytes).
    Removing apm32f00x_spi.o(i.SPI_ReadTxCRC), (12 bytes).
    Removing apm32f00x_spi.o(i.SPI_Reset), (24 bytes).
    Removing apm32f00x_spi.o(i.SPI_RxData), (12 bytes).
    Removing apm32f00x_spi.o(i.SPI_SetCRCPolynomial), (12 bytes).
    Removing apm32f00x_spi.o(i.SPI_TxCRC), (20 bytes).
    Removing apm32f00x_spi.o(i.SPI_TxData), (12 bytes).
    Removing apm32f00x_tmr1.o(.rev16_text), (4 bytes).
    Removing apm32f00x_tmr1.o(.revsh_text), (4 bytes).
    Removing apm32f00x_tmr1.o(i.TMR1_ClearIntFlag), (8 bytes).
    Removing apm32f00x_tmr1.o(i.TMR1_ClearStatusFlag), (30 bytes).
    Removing apm32f00x_tmr1.o(i.TMR1_ConfigBreakPolarity), (20 bytes).
    Removing apm32f00x_tmr1.o(i.TMR1_ConfigCCUpdateSource), (20 bytes).
    Removing apm32f00x_tmr1.o(i.TMR1_ConfigCountMode), (38 bytes).
    Removing apm32f00x_tmr1.o(i.TMR1_ConfigEncodeInterface), (76 bytes).
    Removing apm32f00x_tmr1.o(i.TMR1_ConfigExternalClockMode1), (72 bytes).
    Removing apm32f00x_tmr1.o(i.TMR1_ConfigExternalClockMode2), (34 bytes).
    Removing apm32f00x_tmr1.o(i.TMR1_ConfigExternalTrigger), (50 bytes).
    Removing apm32f00x_tmr1.o(i.TMR1_ConfigInputCapture), (120 bytes).
    Removing apm32f00x_tmr1.o(i.TMR1_ConfigInputCapture1), (78 bytes).
    Removing apm32f00x_tmr1.o(i.TMR1_ConfigInputCapture2), (78 bytes).
    Removing apm32f00x_tmr1.o(i.TMR1_ConfigInputCapture3), (78 bytes).
    Removing apm32f00x_tmr1.o(i.TMR1_ConfigInputCapture4), (78 bytes).
    Removing apm32f00x_tmr1.o(i.TMR1_ConfigInputPWM), (114 bytes).
    Removing apm32f00x_tmr1.o(i.TMR1_ConfigMasterMode), (20 bytes).
    Removing apm32f00x_tmr1.o(i.TMR1_ConfigOutputComare1), (136 bytes).
    Removing apm32f00x_tmr1.o(i.TMR1_ConfigOutputComare2), (140 bytes).
    Removing apm32f00x_tmr1.o(i.TMR1_ConfigOutputComare3), (84 bytes).
    Removing apm32f00x_tmr1.o(i.TMR1_ConfigOutputComare4), (86 bytes).
    Removing apm32f00x_tmr1.o(i.TMR1_ConfigOutputCompare), (88 bytes).
    Removing apm32f00x_tmr1.o(i.TMR1_ConfigOutputCompareComplementPolarity), (52 bytes).
    Removing apm32f00x_tmr1.o(i.TMR1_ConfigOutputCompareMode), (100 bytes).
    Removing apm32f00x_tmr1.o(i.TMR1_ConfigOutputComparePolarity), (100 bytes).
    Removing apm32f00x_tmr1.o(i.TMR1_ConfigProtectionLevel), (16 bytes).
    Removing apm32f00x_tmr1.o(i.TMR1_ConfigTimeBaseStructInit), (16 bytes).
    Removing apm32f00x_tmr1.o(i.TMR1_ConfigUpdate), (38 bytes).
    Removing apm32f00x_tmr1.o(i.TMR1_Disable), (10 bytes).
    Removing apm32f00x_tmr1.o(i.TMR1_DisableAutoReloadBuffer), (10 bytes).
    Removing apm32f00x_tmr1.o(i.TMR1_DisableAutomaticOutput), (10 bytes).
    Removing apm32f00x_tmr1.o(i.TMR1_DisableBreak), (10 bytes).
    Removing apm32f00x_tmr1.o(i.TMR1_DisableChannel), (24 bytes).
    Removing apm32f00x_tmr1.o(i.TMR1_DisableCompareCapture), (66 bytes).
    Removing apm32f00x_tmr1.o(i.TMR1_DisableCompareCaptureBuffer), (10 bytes).
    Removing apm32f00x_tmr1.o(i.TMR1_DisableCompareCaptureComplement), (34 bytes).
    Removing apm32f00x_tmr1.o(i.TMR1_DisableInterrupt), (8 bytes).
    Removing apm32f00x_tmr1.o(i.TMR1_DisableMasterMode), (10 bytes).
    Removing apm32f00x_tmr1.o(i.TMR1_DisableOutputCompareBuffer), (66 bytes).
    Removing apm32f00x_tmr1.o(i.TMR1_DisableOutputCompareFastMode), (66 bytes).
    Removing apm32f00x_tmr1.o(i.TMR1_DisableOutputPWM), (10 bytes).
    Removing apm32f00x_tmr1.o(i.TMR1_DisableSinglePulseMode), (10 bytes).
    Removing apm32f00x_tmr1.o(i.TMR1_EnableAutoReloadBuffer), (12 bytes).
    Removing apm32f00x_tmr1.o(i.TMR1_EnableAutomaticOutput), (12 bytes).
    Removing apm32f00x_tmr1.o(i.TMR1_EnableBreak), (12 bytes).
    Removing apm32f00x_tmr1.o(i.TMR1_EnableChannel), (24 bytes).
    Removing apm32f00x_tmr1.o(i.TMR1_EnableCompareCapture), (74 bytes).
    Removing apm32f00x_tmr1.o(i.TMR1_EnableCompareCaptureBuffer), (12 bytes).
    Removing apm32f00x_tmr1.o(i.TMR1_EnableCompareCaptureComplement), (38 bytes).
    Removing apm32f00x_tmr1.o(i.TMR1_EnableInterrupt), (8 bytes).
    Removing apm32f00x_tmr1.o(i.TMR1_EnableMasterMode), (12 bytes).
    Removing apm32f00x_tmr1.o(i.TMR1_EnableOutputCompareBuffer), (74 bytes).
    Removing apm32f00x_tmr1.o(i.TMR1_EnableOutputCompareFastMode), (74 bytes).
    Removing apm32f00x_tmr1.o(i.TMR1_EnableOutputPWM), (12 bytes).
    Removing apm32f00x_tmr1.o(i.TMR1_EnableSinglePulseMode), (12 bytes).
    Removing apm32f00x_tmr1.o(i.TMR1_GenerateEvent), (4 bytes).
    Removing apm32f00x_tmr1.o(i.TMR1_ICStructInit), (18 bytes).
    Removing apm32f00x_tmr1.o(i.TMR1_OCStructInit), (26 bytes).
    Removing apm32f00x_tmr1.o(i.TMR1_ReadCapture1), (20 bytes).
    Removing apm32f00x_tmr1.o(i.TMR1_ReadCapture2), (20 bytes).
    Removing apm32f00x_tmr1.o(i.TMR1_ReadCapture3), (20 bytes).
    Removing apm32f00x_tmr1.o(i.TMR1_ReadCapture4), (20 bytes).
    Removing apm32f00x_tmr1.o(i.TMR1_ReadCompareCapture), (62 bytes).
    Removing apm32f00x_tmr1.o(i.TMR1_ReadDivider), (20 bytes).
    Removing apm32f00x_tmr1.o(i.TMR1_ReadIntFlag), (32 bytes).
    Removing apm32f00x_tmr1.o(i.TMR1_ReadStatusFlag), (50 bytes).
    Removing apm32f00x_tmr1.o(i.TMR1_Reset), (108 bytes).
    Removing apm32f00x_tmr1.o(i.TMR1_SelectOffStateInIdleMode), (20 bytes).
    Removing apm32f00x_tmr1.o(i.TMR1_SelectOffStateInRunMode), (20 bytes).
    Removing apm32f00x_tmr1.o(i.TMR1_SetAutoReloadVaue), (12 bytes).
    Removing apm32f00x_tmr1.o(i.TMR1_SetCompareCapture), (74 bytes).
    Removing apm32f00x_tmr1.o(i.TMR1_SetCounter), (12 bytes).
    Removing apm32f00x_tmr1.o(i.TMR1_SetDeadTime), (4 bytes).
    Removing apm32f00x_tmr1.o(i.TMR1_SetDivider), (12 bytes).
    Removing apm32f00x_tmr1.o(i.TMR1_SetInputCaptureDivider), (100 bytes).
    Removing apm32f00x_tmr2.o(.rev16_text), (4 bytes).
    Removing apm32f00x_tmr2.o(.revsh_text), (4 bytes).
    Removing apm32f00x_tmr2.o(i.TMR2_ClearIntFlag), (16 bytes).
    Removing apm32f00x_tmr2.o(i.TMR2_ClearStatusFlag), (44 bytes).
    Removing apm32f00x_tmr2.o(i.TMR2_ConfigInputCapture), (72 bytes).
    Removing apm32f00x_tmr2.o(i.TMR2_ConfigInputCapture1), (100 bytes).
    Removing apm32f00x_tmr2.o(i.TMR2_ConfigInputCapture2), (100 bytes).
    Removing apm32f00x_tmr2.o(i.TMR2_ConfigInputCapture3), (100 bytes).
    Removing apm32f00x_tmr2.o(i.TMR2_ConfigInputPWM), (88 bytes).
    Removing apm32f00x_tmr2.o(i.TMR2_ConfigInputTrigger), (28 bytes).
    Removing apm32f00x_tmr2.o(i.TMR2_ConfigOutputComare1), (84 bytes).
    Removing apm32f00x_tmr2.o(i.TMR2_ConfigOutputComare2), (88 bytes).
    Removing apm32f00x_tmr2.o(i.TMR2_ConfigOutputComare3), (84 bytes).
    Removing apm32f00x_tmr2.o(i.TMR2_ConfigOutputCompare), (54 bytes).
    Removing apm32f00x_tmr2.o(i.TMR2_ConfigOutputCompareMode), (92 bytes).
    Removing apm32f00x_tmr2.o(i.TMR2_ConfigOutputComparePolarity), (92 bytes).
    Removing apm32f00x_tmr2.o(i.TMR2_ConfigSlaveMode), (24 bytes).
    Removing apm32f00x_tmr2.o(i.TMR2_ConfigUpdate), (48 bytes).
    Removing apm32f00x_tmr2.o(i.TMR2_Disable), (20 bytes).
    Removing apm32f00x_tmr2.o(i.TMR2_DisableAutoReloadBuffer), (20 bytes).
    Removing apm32f00x_tmr2.o(i.TMR2_DisableCompareCapture), (68 bytes).
    Removing apm32f00x_tmr2.o(i.TMR2_DisableInterrupt), (16 bytes).
    Removing apm32f00x_tmr2.o(i.TMR2_DisableMasterMode), (20 bytes).
    Removing apm32f00x_tmr2.o(i.TMR2_DisableOutputCompareBuffer), (68 bytes).
    Removing apm32f00x_tmr2.o(i.TMR2_DisableSinglePulseMode), (20 bytes).
    Removing apm32f00x_tmr2.o(i.TMR2_EnableAutoReloadBuffer), (20 bytes).
    Removing apm32f00x_tmr2.o(i.TMR2_EnableCompareCapture), (72 bytes).
    Removing apm32f00x_tmr2.o(i.TMR2_EnableInterrupt), (16 bytes).
    Removing apm32f00x_tmr2.o(i.TMR2_EnableOutputCompareBuffer), (72 bytes).
    Removing apm32f00x_tmr2.o(i.TMR2_EnableSinglePulseMode), (20 bytes).
    Removing apm32f00x_tmr2.o(i.TMR2_GenerateEvent), (12 bytes).
    Removing apm32f00x_tmr2.o(i.TMR2_ICStructInit), (18 bytes).
    Removing apm32f00x_tmr2.o(i.TMR2_OCStructInit), (18 bytes).
    Removing apm32f00x_tmr2.o(i.TMR2_ReadCapture1), (28 bytes).
    Removing apm32f00x_tmr2.o(i.TMR2_ReadCapture2), (28 bytes).
    Removing apm32f00x_tmr2.o(i.TMR2_ReadCapture3), (28 bytes).
    Removing apm32f00x_tmr2.o(i.TMR2_ReadCompareCapture), (38 bytes).
    Removing apm32f00x_tmr2.o(i.TMR2_ReadDivider), (12 bytes).
    Removing apm32f00x_tmr2.o(i.TMR2_ReadIntFlag), (40 bytes).
    Removing apm32f00x_tmr2.o(i.TMR2_ReadStatusFlag), (60 bytes).
    Removing apm32f00x_tmr2.o(i.TMR2_Reset), (80 bytes).
    Removing apm32f00x_tmr2.o(i.TMR2_SetAutoReloadVaue), (24 bytes).
    Removing apm32f00x_tmr2.o(i.TMR2_SetCompareCapture), (68 bytes).
    Removing apm32f00x_tmr2.o(i.TMR2_SetCounter), (20 bytes).
    Removing apm32f00x_tmr2.o(i.TMR2_SetDivider), (16 bytes).
    Removing apm32f00x_tmr2.o(i.TMR2_SetInputCaptureDivider), (92 bytes).
    Removing apm32f00x_tmr4.o(.rev16_text), (4 bytes).
    Removing apm32f00x_tmr4.o(.revsh_text), (4 bytes).
    Removing apm32f00x_tmr4.o(i.TMR4_ClearIntFlag), (16 bytes).
    Removing apm32f00x_tmr4.o(i.TMR4_ClearStatusFlag), (16 bytes).
    Removing apm32f00x_tmr4.o(i.TMR4_ConfigInputTrigger), (28 bytes).
    Removing apm32f00x_tmr4.o(i.TMR4_ConfigMasterMode), (28 bytes).
    Removing apm32f00x_tmr4.o(i.TMR4_ConfigSlaveMode), (24 bytes).
    Removing apm32f00x_tmr4.o(i.TMR4_ConfigTimerBase), (12 bytes).
    Removing apm32f00x_tmr4.o(i.TMR4_ConfigUpdate), (48 bytes).
    Removing apm32f00x_tmr4.o(i.TMR4_Disable), (20 bytes).
    Removing apm32f00x_tmr4.o(i.TMR4_DisableAutoReloadBuffer), (20 bytes).
    Removing apm32f00x_tmr4.o(i.TMR4_DisableInterrupt), (16 bytes).
    Removing apm32f00x_tmr4.o(i.TMR4_DisableMasterMode), (20 bytes).
    Removing apm32f00x_tmr4.o(i.TMR4_DisableSinglePulseMode), (20 bytes).
    Removing apm32f00x_tmr4.o(i.TMR4_Enable), (20 bytes).
    Removing apm32f00x_tmr4.o(i.TMR4_EnableAutoReloadBuffer), (20 bytes).
    Removing apm32f00x_tmr4.o(i.TMR4_EnableInterrupt), (16 bytes).
    Removing apm32f00x_tmr4.o(i.TMR4_EnableMasterMode), (20 bytes).
    Removing apm32f00x_tmr4.o(i.TMR4_EnableSinglePulseMode), (20 bytes).
    Removing apm32f00x_tmr4.o(i.TMR4_GenerateEvent), (12 bytes).
    Removing apm32f00x_tmr4.o(i.TMR4_ReadCounter), (12 bytes).
    Removing apm32f00x_tmr4.o(i.TMR4_ReadDivider), (12 bytes).
    Removing apm32f00x_tmr4.o(i.TMR4_ReadIntFlag), (40 bytes).
    Removing apm32f00x_tmr4.o(i.TMR4_ReadStatusFlag), (28 bytes).
    Removing apm32f00x_tmr4.o(i.TMR4_Reset), (32 bytes).
    Removing apm32f00x_tmr4.o(i.TMR4_SetAutoReloadVaue), (12 bytes).
    Removing apm32f00x_tmr4.o(i.TMR4_SetCounter), (12 bytes).
    Removing apm32f00x_tmr4.o(i.TMR4_SetDivider), (16 bytes).
    Removing apm32f00x_usart.o(.rev16_text), (4 bytes).
    Removing apm32f00x_usart.o(.revsh_text), (4 bytes).
    Removing apm32f00x_usart.o(i.USART_Address), (16 bytes).
    Removing apm32f00x_usart.o(i.USART_ClearIntFlag), (36 bytes).
    Removing apm32f00x_usart.o(i.USART_ClearStatusFlag), (36 bytes).
    Removing apm32f00x_usart.o(i.USART_ConfigDivNumber), (14 bytes).
    Removing apm32f00x_usart.o(i.USART_ConfigGuardTime), (14 bytes).
    Removing apm32f00x_usart.o(i.USART_ConfigIrDA), (20 bytes).
    Removing apm32f00x_usart.o(i.USART_ConfigLINBreakDetectLength), (20 bytes).
    Removing apm32f00x_usart.o(i.USART_ConfigMuteModeWakeUp), (20 bytes).
    Removing apm32f00x_usart.o(i.USART_ConfigStructInit), (24 bytes).
    Removing apm32f00x_usart.o(i.USART_ConfigSyncClockStructInit), (14 bytes).
    Removing apm32f00x_usart.o(i.USART_Disable), (12 bytes).
    Removing apm32f00x_usart.o(i.USART_DisableHalfDuplex), (10 bytes).
    Removing apm32f00x_usart.o(i.USART_DisableInterrupt), (56 bytes).
    Removing apm32f00x_usart.o(i.USART_DisableIrDA), (10 bytes).
    Removing apm32f00x_usart.o(i.USART_DisableLIN), (10 bytes).
    Removing apm32f00x_usart.o(i.USART_DisableMuteMode), (10 bytes).
    Removing apm32f00x_usart.o(i.USART_DisableSmartCard), (10 bytes).
    Removing apm32f00x_usart.o(i.USART_DisableSmartCardNACK), (10 bytes).
    Removing apm32f00x_usart.o(i.USART_EnableHalfDuplex), (12 bytes).
    Removing apm32f00x_usart.o(i.USART_EnableIrDA), (12 bytes).
    Removing apm32f00x_usart.o(i.USART_EnableLIN), (12 bytes).
    Removing apm32f00x_usart.o(i.USART_EnableMuteMode), (12 bytes).
    Removing apm32f00x_usart.o(i.USART_EnableSmartCard), (12 bytes).
    Removing apm32f00x_usart.o(i.USART_EnableSmartCardNACK), (12 bytes).
    Removing apm32f00x_usart.o(i.USART_ReadIntFlag), (76 bytes).
    Removing apm32f00x_usart.o(i.USART_Reset), (52 bytes).
    Removing apm32f00x_usart.o(i.USART_RxData8), (8 bytes).
    Removing apm32f00x_usart.o(i.USART_RxData9), (20 bytes).
    Removing apm32f00x_usart.o(i.USART_TxBreak), (12 bytes).
    Removing apm32f00x_usart.o(i.USART_TxData9), (34 bytes).
    Removing apm32f00x_wupt.o(.rev16_text), (4 bytes).
    Removing apm32f00x_wupt.o(.revsh_text), (4 bytes).
    Removing apm32f00x_wupt.o(i.WUPT_CalibrationLIRC), (60 bytes).
    Removing apm32f00x_wupt.o(i.WUPT_Config), (44 bytes).
    Removing apm32f00x_wupt.o(i.WUPT_Disable), (20 bytes).
    Removing apm32f00x_wupt.o(i.WUPT_DisableLIRCMeasurement), (20 bytes).
    Removing apm32f00x_wupt.o(i.WUPT_Enable), (20 bytes).
    Removing apm32f00x_wupt.o(i.WUPT_EnableLIRCMeasurement), (20 bytes).
    Removing apm32f00x_wupt.o(i.WUPT_EnterIdleMode), (24 bytes).
    Removing apm32f00x_wupt.o(i.WUPT_ReadIntFlag), (24 bytes).
    Removing apm32f00x_wupt.o(i.WUPT_Reset), (20 bytes).
    Removing apm32f00x_wupt.o(.constdata), (34 bytes).
    Removing apm32f00x_wwdt.o(.rev16_text), (4 bytes).
    Removing apm32f00x_wwdt.o(.revsh_text), (4 bytes).
    Removing apm32f00x_wwdt.o(i.WWDT_Config), (40 bytes).
    Removing apm32f00x_wwdt.o(i.WWDT_ReadCounter), (16 bytes).
    Removing apm32f00x_wwdt.o(i.WWDT_SetCounter), (16 bytes).
    Removing apm32f00x_wwdt.o(i.WWDT_SetWidowData), (20 bytes).
    Removing apm32f00x_wwdt.o(i.WWDT_SoftwareReset), (12 bytes).
    Removing board.o(.rev16_text), (4 bytes).
    Removing board.o(.revsh_text), (4 bytes).
    Removing board.o(i.Board_KeyInit), (76 bytes).
    Removing board.o(i.Board_LedInit), (44 bytes).
    Removing board.o(i.Board_LedOff), (28 bytes).
    Removing board.o(i.Board_LedOn), (28 bytes).
    Removing board.o(i.Board_LedToggle), (28 bytes).
    Removing board.o(i.Board_ReadKeyState), (28 bytes).
    Removing board.o(.constdata), (24 bytes).
    Removing main.o(.rev16_text), (4 bytes).
    Removing main.o(.revsh_text), (4 bytes).
    Removing apm32f00x_int.o(.rev16_text), (4 bytes).
    Removing apm32f00x_int.o(.revsh_text), (4 bytes).
    Removing dadd.o(.text), (360 bytes).
    Removing dmul.o(.text), (208 bytes).
    Removing ddiv.o(.text), (240 bytes).
    Removing dfixul.o(.text), (64 bytes).
    Removing cdrcmple.o(.text), (40 bytes).
    Removing depilogue.o(.text), (190 bytes).
    Removing depilogue.o(i.__ARM_clz), (46 bytes).

427 unused section(s) (total 15920 bytes) removed from the image.

==============================================================================

Image Symbol Table

    Local Symbols

    Symbol Name                              Value     Ov Type        Size  Object(Section)

    RESET                                    0x00000000   Section      188  startup_apm32f0xx.o(RESET)
    ../clib/microlib/division.c              0x00000000   Number         0  uldiv.o ABSOLUTE
    ../clib/microlib/division.c              0x00000000   Number         0  uidiv.o ABSOLUTE
    ../clib/microlib/division.c              0x00000000   Number         0  idiv.o ABSOLUTE
    ../clib/microlib/init/entry.s            0x00000000   Number         0  entry7b.o ABSOLUTE
    ../clib/microlib/init/entry.s            0x00000000   Number         0  entry10b.o ABSOLUTE
    ../clib/microlib/init/entry.s            0x00000000   Number         0  entry10a.o ABSOLUTE
    ../clib/microlib/init/entry.s            0x00000000   Number         0  entry8b.o ABSOLUTE
    ../clib/microlib/init/entry.s            0x00000000   Number         0  entry8a.o ABSOLUTE
    ../clib/microlib/init/entry.s            0x00000000   Number         0  entry12b.o ABSOLUTE
    ../clib/microlib/init/entry.s            0x00000000   Number         0  entry9b.o ABSOLUTE
    ../clib/microlib/init/entry.s            0x00000000   Number         0  entry9a.o ABSOLUTE
    ../clib/microlib/init/entry.s            0x00000000   Number         0  entry7a.o ABSOLUTE
    ../clib/microlib/init/entry.s            0x00000000   Number         0  entry.o ABSOLUTE
    ../clib/microlib/init/entry.s            0x00000000   Number         0  entry12a.o ABSOLUTE
    ../clib/microlib/init/entry.s            0x00000000   Number         0  entry5.o ABSOLUTE
    ../clib/microlib/init/entry.s            0x00000000   Number         0  entry11b.o ABSOLUTE
    ../clib/microlib/init/entry.s            0x00000000   Number         0  entry2.o ABSOLUTE
    ../clib/microlib/init/entry.s            0x00000000   Number         0  entry11a.o ABSOLUTE
    ../clib/microlib/longlong.c              0x00000000   Number         0  llshl.o ABSOLUTE
    ../clib/microlib/longlong.c              0x00000000   Number         0  llushr.o ABSOLUTE
    ../clib/microlib/longlong.c              0x00000000   Number         0  llsshr.o ABSOLUTE
    ../clib/microlib/printf/printf.c         0x00000000   Number         0  printf4.o ABSOLUTE
    ../clib/microlib/printf/printf.c         0x00000000   Number         0  printf8.o ABSOLUTE
    ../clib/microlib/printf/printf.c         0x00000000   Number         0  printfb.o ABSOLUTE
    ../clib/microlib/printf/printf.c         0x00000000   Number         0  printf0.o ABSOLUTE
    ../clib/microlib/printf/printf.c         0x00000000   Number         0  printf1.o ABSOLUTE
    ../clib/microlib/printf/printf.c         0x00000000   Number         0  printf2.o ABSOLUTE
    ../clib/microlib/printf/printf.c         0x00000000   Number         0  printfa.o ABSOLUTE
    ../clib/microlib/printf/printf.c         0x00000000   Number         0  printf7.o ABSOLUTE
    ../clib/microlib/printf/printf.c         0x00000000   Number         0  printf6.o ABSOLUTE
    ../clib/microlib/printf/printf.c         0x00000000   Number         0  printf5.o ABSOLUTE
    ../clib/microlib/printf/printf.c         0x00000000   Number         0  printf3.o ABSOLUTE
    ../clib/microlib/printf/stubs.s          0x00000000   Number         0  stubs.o ABSOLUTE
    ../clib/microlib/stdio/streams.c         0x00000000   Number         0  stdout.o ABSOLUTE
    ../clib/microlib/stubs.s                 0x00000000   Number         0  iusefp.o ABSOLUTE
    ../fplib/microlib/fpadd.c                0x00000000   Number         0  dadd.o ABSOLUTE
    ../fplib/microlib/fpdiv.c                0x00000000   Number         0  ddiv.o ABSOLUTE
    ../fplib/microlib/fpepilogue.c           0x00000000   Number         0  depilogue.o ABSOLUTE
    ../fplib/microlib/fpfix.c                0x00000000   Number         0  dfixul.o ABSOLUTE
    ../fplib/microlib/fpmul.c                0x00000000   Number         0  dmul.o ABSOLUTE
    ..\..\..\..\..\Board\Board.c             0x00000000   Number         0  board.o ABSOLUTE
    ..\..\..\..\..\Library\APM32F00x_StdPeriphDriver\src\apm32f00x_adc.c 0x00000000   Number         0  apm32f00x_adc.o ABSOLUTE
    ..\..\..\..\..\Library\APM32F00x_StdPeriphDriver\src\apm32f00x_buzzer.c 0x00000000   Number         0  apm32f00x_buzzer.o ABSOLUTE
    ..\..\..\..\..\Library\APM32F00x_StdPeriphDriver\src\apm32f00x_eint.c 0x00000000   Number         0  apm32f00x_eint.o ABSOLUTE
    ..\..\..\..\..\Library\APM32F00x_StdPeriphDriver\src\apm32f00x_fmc.c 0x00000000   Number         0  apm32f00x_fmc.o ABSOLUTE
    ..\..\..\..\..\Library\APM32F00x_StdPeriphDriver\src\apm32f00x_gpio.c 0x00000000   Number         0  apm32f00x_gpio.o ABSOLUTE
    ..\..\..\..\..\Library\APM32F00x_StdPeriphDriver\src\apm32f00x_i2c.c 0x00000000   Number         0  apm32f00x_i2c.o ABSOLUTE
    ..\..\..\..\..\Library\APM32F00x_StdPeriphDriver\src\apm32f00x_iwdt.c 0x00000000   Number         0  apm32f00x_iwdt.o ABSOLUTE
    ..\..\..\..\..\Library\APM32F00x_StdPeriphDriver\src\apm32f00x_misc.c 0x00000000   Number         0  apm32f00x_misc.o ABSOLUTE
    ..\..\..\..\..\Library\APM32F00x_StdPeriphDriver\src\apm32f00x_rcm.c 0x00000000   Number         0  apm32f00x_rcm.o ABSOLUTE
    ..\..\..\..\..\Library\APM32F00x_StdPeriphDriver\src\apm32f00x_spi.c 0x00000000   Number         0  apm32f00x_spi.o ABSOLUTE
    ..\..\..\..\..\Library\APM32F00x_StdPeriphDriver\src\apm32f00x_tmr1.c 0x00000000   Number         0  apm32f00x_tmr1.o ABSOLUTE
    ..\..\..\..\..\Library\APM32F00x_StdPeriphDriver\src\apm32f00x_tmr2.c 0x00000000   Number         0  apm32f00x_tmr2.o ABSOLUTE
    ..\..\..\..\..\Library\APM32F00x_StdPeriphDriver\src\apm32f00x_tmr4.c 0x00000000   Number         0  apm32f00x_tmr4.o ABSOLUTE
    ..\..\..\..\..\Library\APM32F00x_StdPeriphDriver\src\apm32f00x_usart.c 0x00000000   Number         0  apm32f00x_usart.o ABSOLUTE
    ..\..\..\..\..\Library\APM32F00x_StdPeriphDriver\src\apm32f00x_wupt.c 0x00000000   Number         0  apm32f00x_wupt.o ABSOLUTE
    ..\..\..\..\..\Library\APM32F00x_StdPeriphDriver\src\apm32f00x_wwdt.c 0x00000000   Number         0  apm32f00x_wwdt.o ABSOLUTE
    ..\..\..\..\..\Library\Device\Geehy\APM32F00x\Source\ARM\startup_apm32f0xx.s 0x00000000   Number         0  startup_apm32f0xx.o ABSOLUTE
    ..\..\..\..\..\Library\Device\Geehy\APM32F00x\Source\system_apm32f00x.c 0x00000000   Number         0  system_apm32f00x.o ABSOLUTE
    ..\..\Source\apm32f00x_int.c             0x00000000   Number         0  apm32f00x_int.o ABSOLUTE
    ..\..\Source\main.c                      0x00000000   Number         0  main.o ABSOLUTE
    ..\\..\\..\\..\\..\\Board\\Board.c       0x00000000   Number         0  board.o ABSOLUTE
    ..\\..\\..\\..\\..\\Library\\APM32F00x_StdPeriphDriver\\src\\apm32f00x_adc.c 0x00000000   Number         0  apm32f00x_adc.o ABSOLUTE
    ..\\..\\..\\..\\..\\Library\\APM32F00x_StdPeriphDriver\\src\\apm32f00x_buzzer.c 0x00000000   Number         0  apm32f00x_buzzer.o ABSOLUTE
    ..\\..\\..\\..\\..\\Library\\APM32F00x_StdPeriphDriver\\src\\apm32f00x_eint.c 0x00000000   Number         0  apm32f00x_eint.o ABSOLUTE
    ..\\..\\..\\..\\..\\Library\\APM32F00x_StdPeriphDriver\\src\\apm32f00x_fmc.c 0x00000000   Number         0  apm32f00x_fmc.o ABSOLUTE
    ..\\..\\..\\..\\..\\Library\\APM32F00x_StdPeriphDriver\\src\\apm32f00x_gpio.c 0x00000000   Number         0  apm32f00x_gpio.o ABSOLUTE
    ..\\..\\..\\..\\..\\Library\\APM32F00x_StdPeriphDriver\\src\\apm32f00x_i2c.c 0x00000000   Number         0  apm32f00x_i2c.o ABSOLUTE
    ..\\..\\..\\..\\..\\Library\\APM32F00x_StdPeriphDriver\\src\\apm32f00x_iwdt.c 0x00000000   Number         0  apm32f00x_iwdt.o ABSOLUTE
    ..\\..\\..\\..\\..\\Library\\APM32F00x_StdPeriphDriver\\src\\apm32f00x_misc.c 0x00000000   Number         0  apm32f00x_misc.o ABSOLUTE
    ..\\..\\..\\..\\..\\Library\\APM32F00x_StdPeriphDriver\\src\\apm32f00x_rcm.c 0x00000000   Number         0  apm32f00x_rcm.o ABSOLUTE
    ..\\..\\..\\..\\..\\Library\\APM32F00x_StdPeriphDriver\\src\\apm32f00x_spi.c 0x00000000   Number         0  apm32f00x_spi.o ABSOLUTE
    ..\\..\\..\\..\\..\\Library\\APM32F00x_StdPeriphDriver\\src\\apm32f00x_tmr1.c 0x00000000   Number         0  apm32f00x_tmr1.o ABSOLUTE
    ..\\..\\..\\..\\..\\Library\\APM32F00x_StdPeriphDriver\\src\\apm32f00x_tmr2.c 0x00000000   Number         0  apm32f00x_tmr2.o ABSOLUTE
    ..\\..\\..\\..\\..\\Library\\APM32F00x_StdPeriphDriver\\src\\apm32f00x_tmr4.c 0x00000000   Number         0  apm32f00x_tmr4.o ABSOLUTE
    ..\\..\\..\\..\\..\\Library\\APM32F00x_StdPeriphDriver\\src\\apm32f00x_usart.c 0x00000000   Number         0  apm32f00x_usart.o ABSOLUTE
    ..\\..\\..\\..\\..\\Library\\APM32F00x_StdPeriphDriver\\src\\apm32f00x_wupt.c 0x00000000   Number         0  apm32f00x_wupt.o ABSOLUTE
    ..\\..\\..\\..\\..\\Library\\APM32F00x_StdPeriphDriver\\src\\apm32f00x_wwdt.c 0x00000000   Number         0  apm32f00x_wwdt.o ABSOLUTE
    ..\\..\\..\\..\\..\\Library\\Device\\Geehy\\APM32F00x\\Source\\system_apm32f00x.c 0x00000000   Number         0  system_apm32f00x.o ABSOLUTE
    ..\\..\\Source\\apm32f00x_int.c          0x00000000   Number         0  apm32f00x_int.o ABSOLUTE
    ..\\..\\Source\\main.c                   0x00000000   Number         0  main.o ABSOLUTE
    cdrcmple.s                               0x00000000   Number         0  cdrcmple.o ABSOLUTE
    dc.s                                     0x00000000   Number         0  dc.o ABSOLUTE
    handlers.s                               0x00000000   Number         0  handlers.o ABSOLUTE
    init.s                                   0x00000000   Number         0  init.o ABSOLUTE
    .ARM.Collect$$$$00000000                 0x000000bc   Section        0  entry.o(.ARM.Collect$$$$00000000)
    .ARM.Collect$$$$00000001                 0x000000bc   Section        4  entry2.o(.ARM.Collect$$$$00000001)
    .ARM.Collect$$$$00000004                 0x000000c0   Section        4  entry5.o(.ARM.Collect$$$$00000004)
    .ARM.Collect$$$$00000008                 0x000000c4   Section        0  entry7b.o(.ARM.Collect$$$$00000008)
    .ARM.Collect$$$$0000000A                 0x000000c4   Section        0  entry8b.o(.ARM.Collect$$$$0000000A)
    .ARM.Collect$$$$0000000B                 0x000000c4   Section        8  entry9a.o(.ARM.Collect$$$$0000000B)
    .ARM.Collect$$$$0000000E                 0x000000cc   Section        4  entry12b.o(.ARM.Collect$$$$0000000E)
    .ARM.Collect$$$$0000000F                 0x000000d0   Section        0  entry10a.o(.ARM.Collect$$$$0000000F)
    .ARM.Collect$$$$00000011                 0x000000d0   Section        0  entry11a.o(.ARM.Collect$$$$00000011)
    .ARM.Collect$$$$00002712                 0x000000d0   Section        4  entry2.o(.ARM.Collect$$$$00002712)
    __lit__00000000                          0x000000d0   Data           4  entry2.o(.ARM.Collect$$$$00002712)
    .text                                    0x000000d4   Section       40  startup_apm32f0xx.o(.text)
    .text                                    0x000000fc   Section        0  uidiv.o(.text)
    .text                                    0x00000128   Section        0  uldiv.o(.text)
    .text                                    0x00000188   Section       36  init.o(.text)
    .text                                    0x000001ac   Section        0  llshl.o(.text)
    .text                                    0x000001cc   Section        0  llushr.o(.text)
    i.ConfigMasterClock                      0x000001ee   Section        0  system_apm32f00x.o(i.ConfigMasterClock)
    ConfigMasterClock                        0x000001ef   Thumb Code     8  system_apm32f00x.o(i.ConfigMasterClock)
    i.HardFault_Handler                      0x000001f6   Section        0  apm32f00x_int.o(i.HardFault_Handler)
    i.MasterClock48M                         0x000001f8   Section        0  system_apm32f00x.o(i.MasterClock48M)
    MasterClock48M                           0x000001f9   Thumb Code    66  system_apm32f00x.o(i.MasterClock48M)
    i.NMI_Handler                            0x00000244   Section        0  apm32f00x_int.o(i.NMI_Handler)
    i.PendSV_Handler                         0x00000246   Section        0  apm32f00x_int.o(i.PendSV_Handler)
    i.RCM_GetMasterClockFreq                 0x00000248   Section        0  apm32f00x_rcm.o(i.RCM_GetMasterClockFreq)
    i.SVC_Handler                            0x000002a8   Section        0  apm32f00x_int.o(i.SVC_Handler)
    i.SysTick_Handler                        0x000002aa   Section        0  apm32f00x_int.o(i.SysTick_Handler)
    i.SystemInit                             0x000002ac   Section        0  system_apm32f00x.o(i.SystemInit)
    i.TMR1Init                               0x000002fc   Section        0  main.o(i.TMR1Init)
    i.TMR1_ConfigInputTrigger                0x00000330   Section        0  apm32f00x_tmr1.o(i.TMR1_ConfigInputTrigger)
    i.TMR1_ConfigSlaveMode                   0x00000344   Section        0  apm32f00x_tmr1.o(i.TMR1_ConfigSlaveMode)
    i.TMR1_ConfigTimerBase                   0x00000354   Section        0  apm32f00x_tmr1.o(i.TMR1_ConfigTimerBase)
    i.TMR1_Enable                            0x000003a0   Section        0  apm32f00x_tmr1.o(i.TMR1_Enable)
    i.TMR1_ReadCounter                       0x000003ac   Section        0  apm32f00x_tmr1.o(i.TMR1_ReadCounter)
    i.TMR2Init                               0x000003c0   Section        0  main.o(i.TMR2Init)
    i.TMR2_ConfigMasterMode                  0x000003e0   Section        0  apm32f00x_tmr2.o(i.TMR2_ConfigMasterMode)
    i.TMR2_ConfigTimerBase                   0x000003fc   Section        0  apm32f00x_tmr2.o(i.TMR2_ConfigTimerBase)
    i.TMR2_Enable                            0x00000424   Section        0  apm32f00x_tmr2.o(i.TMR2_Enable)
    i.TMR2_EnableMasterMode                  0x00000438   Section        0  apm32f00x_tmr2.o(i.TMR2_EnableMasterMode)
    i.TMR2_ReadCounter                       0x0000044c   Section        0  apm32f00x_tmr2.o(i.TMR2_ReadCounter)
    i.USARTInit                              0x00000468   Section        0  main.o(i.USARTInit)
    i.USART_Config                           0x000004b0   Section        0  apm32f00x_usart.o(i.USART_Config)
    i.USART_ConfigSyncClock                  0x00000584   Section        0  apm32f00x_usart.o(i.USART_ConfigSyncClock)
    i.USART_Enable                           0x000005ce   Section        0  apm32f00x_usart.o(i.USART_Enable)
    i.USART_EnableInterrupt                  0x000005d8   Section        0  apm32f00x_usart.o(i.USART_EnableInterrupt)
    i.USART_ReadStatusFlag                   0x00000610   Section        0  apm32f00x_usart.o(i.USART_ReadStatusFlag)
    i.USART_TxData8                          0x00000642   Section        0  apm32f00x_usart.o(i.USART_TxData8)
    i.__0printf$8                            0x00000650   Section        0  printf8.o(i.__0printf$8)
    i.__scatterload_copy                     0x00000670   Section       14  handlers.o(i.__scatterload_copy)
    i.__scatterload_null                     0x0000067e   Section        2  handlers.o(i.__scatterload_null)
    i.__scatterload_zeroinit                 0x00000680   Section       14  handlers.o(i.__scatterload_zeroinit)
    i._printf_core                           0x00000690   Section        0  printf8.o(i._printf_core)
    _printf_core                             0x00000691   Thumb Code  1020  printf8.o(i._printf_core)
    i._printf_post_padding                   0x00000ab8   Section        0  printf8.o(i._printf_post_padding)
    _printf_post_padding                     0x00000ab9   Thumb Code    32  printf8.o(i._printf_post_padding)
    i._printf_pre_padding                    0x00000ad8   Section        0  printf8.o(i._printf_pre_padding)
    _printf_pre_padding                      0x00000ad9   Thumb Code    44  printf8.o(i._printf_pre_padding)
    i.fputc                                  0x00000b04   Section        0  main.o(i.fputc)
    i.main                                   0x00000b28   Section        0  main.o(i.main)
    .data                                    0x20000000   Section        4  stdout.o(.data)
    STACK                                    0x20000008   Section     1024  startup_apm32f0xx.o(STACK)

    Global Symbols

    Symbol Name                              Value     Ov Type        Size  Object(Section)

    BuildAttributes$$THM_ISAv3M$S$PE$A:L22$X:L11$S22$IEEE1$IW$USESV6$~STKCKD$USESV7$~SHL$OSPACE$ROPI$EBA8$MICROLIB$REQ8$PRES8$EABIv2 0x00000000   Number         0  anon$$obj.o ABSOLUTE
    __ARM_use_no_argv                        0x00000000   Number         0  main.o ABSOLUTE
    __Vectors                                0x00000000   Data           4  startup_apm32f0xx.o(RESET)
    _printf_a                                0x00000000   Number         0  stubs.o ABSOLUTE
    _printf_c                                0x00000000   Number         0  stubs.o ABSOLUTE
    _printf_charcount                        0x00000000   Number         0  stubs.o ABSOLUTE
    _printf_d                                0x00000000   Number         0  stubs.o ABSOLUTE
    _printf_e                                0x00000000   Number         0  stubs.o ABSOLUTE
    _printf_f                                0x00000000   Number         0  stubs.o ABSOLUTE
    _printf_flags                            0x00000000   Number         0  stubs.o ABSOLUTE
    _printf_fp_dec                           0x00000000   Number         0  stubs.o ABSOLUTE
    _printf_fp_hex                           0x00000000   Number         0  stubs.o ABSOLUTE
    _printf_g                                0x00000000   Number         0  stubs.o ABSOLUTE
    _printf_i                                0x00000000   Number         0  stubs.o ABSOLUTE
    _printf_int_dec                          0x00000000   Number         0  stubs.o ABSOLUTE
    _printf_l                                0x00000000   Number         0  stubs.o ABSOLUTE
    _printf_lc                               0x00000000   Number         0  stubs.o ABSOLUTE
    _printf_ll                               0x00000000   Number         0  stubs.o ABSOLUTE
    _printf_lld                              0x00000000   Number         0  stubs.o ABSOLUTE
    _printf_lli                              0x00000000   Number         0  stubs.o ABSOLUTE
    _printf_llo                              0x00000000   Number         0  stubs.o ABSOLUTE
    _printf_llu                              0x00000000   Number         0  stubs.o ABSOLUTE
    _printf_llx                              0x00000000   Number         0  stubs.o ABSOLUTE
    _printf_longlong_dec                     0x00000000   Number         0  stubs.o ABSOLUTE
    _printf_longlong_hex                     0x00000000   Number         0  stubs.o ABSOLUTE
    _printf_longlong_oct                     0x00000000   Number         0  stubs.o ABSOLUTE
    _printf_ls                               0x00000000   Number         0  stubs.o ABSOLUTE
    _printf_mbtowc                           0x00000000   Number         0  stubs.o ABSOLUTE
    _printf_n                                0x00000000   Number         0  stubs.o ABSOLUTE
    _printf_o                                0x00000000   Number         0  stubs.o ABSOLUTE
    _printf_p                                0x00000000   Number         0  stubs.o ABSOLUTE
    _printf_percent                          0x00000000   Number         0  stubs.o ABSOLUTE
    _printf_pre_padding                      0x00000000   Number         0  stubs.o ABSOLUTE
    _printf_return_value                     0x00000000   Number         0  stubs.o ABSOLUTE
    _printf_s                                0x00000000   Number         0  stubs.o ABSOLUTE
    _printf_sizespec                         0x00000000   Number         0  stubs.o ABSOLUTE
    _printf_str                              0x00000000   Number         0  stubs.o ABSOLUTE
    _printf_truncate_signed                  0x00000000   Number         0  stubs.o ABSOLUTE
    _printf_truncate_unsigned                0x00000000   Number         0  stubs.o ABSOLUTE
    _printf_u                                0x00000000   Number         0  stubs.o ABSOLUTE
    _printf_wc                               0x00000000   Number         0  stubs.o ABSOLUTE
    _printf_wctomb                           0x00000000   Number         0  stubs.o ABSOLUTE
    _printf_widthprec                        0x00000000   Number         0  stubs.o ABSOLUTE
    _printf_x                                0x00000000   Number         0  stubs.o ABSOLUTE
    __arm_fini_                               - Undefined Weak Reference
    __cpp_initialize__aeabi_                  - Undefined Weak Reference
    __cxa_finalize                            - Undefined Weak Reference
    __decompress                              - Undefined Weak Reference
    _clock_init                               - Undefined Weak Reference
    _microlib_exit                            - Undefined Weak Reference
    __Vectors_End                            0x000000bc   Data           0  startup_apm32f0xx.o(RESET)
    __Vectors_Size                           0x000000bc   Number         0  startup_apm32f0xx.o ABSOLUTE
    __main                                   0x000000bd   Thumb Code     0  entry.o(.ARM.Collect$$$$00000000)
    _main_stk                                0x000000bd   Thumb Code     0  entry2.o(.ARM.Collect$$$$00000001)
    _main_scatterload                        0x000000c1   Thumb Code     0  entry5.o(.ARM.Collect$$$$00000004)
    __main_after_scatterload                 0x000000c5   Thumb Code     0  entry5.o(.ARM.Collect$$$$00000004)
    _main_clock                              0x000000c5   Thumb Code     0  entry7b.o(.ARM.Collect$$$$00000008)
    _main_cpp_init                           0x000000c5   Thumb Code     0  entry8b.o(.ARM.Collect$$$$0000000A)
    _main_init                               0x000000c5   Thumb Code     0  entry9a.o(.ARM.Collect$$$$0000000B)
    __rt_lib_shutdown_fini                   0x000000cd   Thumb Code     0  entry12b.o(.ARM.Collect$$$$0000000E)
    __rt_final_cpp                           0x000000d1   Thumb Code     0  entry10a.o(.ARM.Collect$$$$0000000F)
    __rt_final_exit                          0x000000d1   Thumb Code     0  entry11a.o(.ARM.Collect$$$$00000011)
    Reset_Handler                            0x000000d5   Thumb Code    14  startup_apm32f0xx.o(.text)
    ADC_IRQHandler                           0x000000ed   Thumb Code     0  startup_apm32f0xx.o(.text)
    EINTA_IRQHandler                         0x000000ed   Thumb Code     0  startup_apm32f0xx.o(.text)
    EINTB_IRQHandler                         0x000000ed   Thumb Code     0  startup_apm32f0xx.o(.text)
    EINTC_IRQHandler                         0x000000ed   Thumb Code     0  startup_apm32f0xx.o(.text)
    EINTD_IRQHandler                         0x000000ed   Thumb Code     0  startup_apm32f0xx.o(.text)
    FLASH_IRQHandler                         0x000000ed   Thumb Code     0  startup_apm32f0xx.o(.text)
    IIC_IRQHandler                           0x000000ed   Thumb Code     0  startup_apm32f0xx.o(.text)
    RCM_IRQHandler                           0x000000ed   Thumb Code     0  startup_apm32f0xx.o(.text)
    SPI_IRQHandler                           0x000000ed   Thumb Code     0  startup_apm32f0xx.o(.text)
    TMR1A_CC_IRQHandler                      0x000000ed   Thumb Code     0  startup_apm32f0xx.o(.text)
    TMR1A_UT_IRQHandler                      0x000000ed   Thumb Code     0  startup_apm32f0xx.o(.text)
    TMR1_CC_IRQHandler                       0x000000ed   Thumb Code     0  startup_apm32f0xx.o(.text)
    TMR1_UT_IRQHandler                       0x000000ed   Thumb Code     0  startup_apm32f0xx.o(.text)
    TMR2_CC_IRQHandler                       0x000000ed   Thumb Code     0  startup_apm32f0xx.o(.text)
    TMR2_UO_IRQHandler                       0x000000ed   Thumb Code     0  startup_apm32f0xx.o(.text)
    TMR4_IRQHandler                          0x000000ed   Thumb Code     0  startup_apm32f0xx.o(.text)
    USART1_RX_IRQHandler                     0x000000ed   Thumb Code     0  startup_apm32f0xx.o(.text)
    USART1_TX_IRQHandler                     0x000000ed   Thumb Code     0  startup_apm32f0xx.o(.text)
    USART2_RX_IRQHandler                     0x000000ed   Thumb Code     0  startup_apm32f0xx.o(.text)
    USART2_TX_IRQHandler                     0x000000ed   Thumb Code     0  startup_apm32f0xx.o(.text)
    USART3_RX_IRQHandler                     0x000000ed   Thumb Code     0  startup_apm32f0xx.o(.text)
    USART3_TX_IRQHandler                     0x000000ed   Thumb Code     0  startup_apm32f0xx.o(.text)
    WUPT_IRQHandler                          0x000000ed   Thumb Code     0  startup_apm32f0xx.o(.text)
    __aeabi_uidiv                            0x000000fd   Thumb Code     0  uidiv.o(.text)
    __aeabi_uidivmod                         0x000000fd   Thumb Code    44  uidiv.o(.text)
    __aeabi_uldivmod                         0x00000129   Thumb Code    96  uldiv.o(.text)
    __scatterload                            0x00000189   Thumb Code    28  init.o(.text)
    __scatterload_rt2                        0x00000189   Thumb Code     0  init.o(.text)
    __aeabi_llsl                             0x000001ad   Thumb Code    32  llshl.o(.text)
    _ll_shift_l                              0x000001ad   Thumb Code     0  llshl.o(.text)
    __aeabi_llsr                             0x000001cd   Thumb Code    34  llushr.o(.text)
    _ll_ushift_r                             0x000001cd   Thumb Code     0  llushr.o(.text)
    HardFault_Handler                        0x000001f7   Thumb Code     2  apm32f00x_int.o(i.HardFault_Handler)
    NMI_Handler                              0x00000245   Thumb Code     2  apm32f00x_int.o(i.NMI_Handler)
    PendSV_Handler                           0x00000247   Thumb Code     2  apm32f00x_int.o(i.PendSV_Handler)
    RCM_GetMasterClockFreq                   0x00000249   Thumb Code    82  apm32f00x_rcm.o(i.RCM_GetMasterClockFreq)
    SVC_Handler                              0x000002a9   Thumb Code     2  apm32f00x_int.o(i.SVC_Handler)
    SysTick_Handler                          0x000002ab   Thumb Code     2  apm32f00x_int.o(i.SysTick_Handler)
    SystemInit                               0x000002ad   Thumb Code    70  system_apm32f00x.o(i.SystemInit)
    TMR1Init                                 0x000002fd   Thumb Code    48  main.o(i.TMR1Init)
    TMR1_ConfigInputTrigger                  0x00000331   Thumb Code    20  apm32f00x_tmr1.o(i.TMR1_ConfigInputTrigger)
    TMR1_ConfigSlaveMode                     0x00000345   Thumb Code    16  apm32f00x_tmr1.o(i.TMR1_ConfigSlaveMode)
    TMR1_ConfigTimerBase                     0x00000355   Thumb Code    76  apm32f00x_tmr1.o(i.TMR1_ConfigTimerBase)
    TMR1_Enable                              0x000003a1   Thumb Code    12  apm32f00x_tmr1.o(i.TMR1_Enable)
    TMR1_ReadCounter                         0x000003ad   Thumb Code    20  apm32f00x_tmr1.o(i.TMR1_ReadCounter)
    TMR2Init                                 0x000003c1   Thumb Code    26  main.o(i.TMR2Init)
    TMR2_ConfigMasterMode                    0x000003e1   Thumb Code    22  apm32f00x_tmr2.o(i.TMR2_ConfigMasterMode)
    TMR2_ConfigTimerBase                     0x000003fd   Thumb Code    34  apm32f00x_tmr2.o(i.TMR2_ConfigTimerBase)
    TMR2_Enable                              0x00000425   Thumb Code    16  apm32f00x_tmr2.o(i.TMR2_Enable)
    TMR2_EnableMasterMode                    0x00000439   Thumb Code    16  apm32f00x_tmr2.o(i.TMR2_EnableMasterMode)
    TMR2_ReadCounter                         0x0000044d   Thumb Code    22  apm32f00x_tmr2.o(i.TMR2_ReadCounter)
    USARTInit                                0x00000469   Thumb Code    66  main.o(i.USARTInit)
    USART_Config                             0x000004b1   Thumb Code   204  apm32f00x_usart.o(i.USART_Config)
    USART_ConfigSyncClock                    0x00000585   Thumb Code    74  apm32f00x_usart.o(i.USART_ConfigSyncClock)
    USART_Enable                             0x000005cf   Thumb Code    10  apm32f00x_usart.o(i.USART_Enable)
    USART_EnableInterrupt                    0x000005d9   Thumb Code    56  apm32f00x_usart.o(i.USART_EnableInterrupt)
    USART_ReadStatusFlag                     0x00000611   Thumb Code    50  apm32f00x_usart.o(i.USART_ReadStatusFlag)
    USART_TxData8                            0x00000643   Thumb Code    14  apm32f00x_usart.o(i.USART_TxData8)
    __0printf$8                              0x00000651   Thumb Code    24  printf8.o(i.__0printf$8)
    __1printf$8                              0x00000651   Thumb Code     0  printf8.o(i.__0printf$8)
    __2printf                                0x00000651   Thumb Code     0  printf8.o(i.__0printf$8)
    __scatterload_copy                       0x00000671   Thumb Code    14  handlers.o(i.__scatterload_copy)
    __scatterload_null                       0x0000067f   Thumb Code     2  handlers.o(i.__scatterload_null)
    __scatterload_zeroinit                   0x00000681   Thumb Code    14  handlers.o(i.__scatterload_zeroinit)
    fputc                                    0x00000b05   Thumb Code    32  main.o(i.fputc)
    main                                     0x00000b29   Thumb Code    42  main.o(i.main)
    Region$$Table$$Base                      0x00000b70   Number         0  anon$$obj.o(Region$$Table)
    Region$$Table$$Limit                     0x00000b90   Number         0  anon$$obj.o(Region$$Table)
    __stdout                                 0x20000000   Data           4  stdout.o(.data)
    __initial_sp                             0x20000408   Data           0  startup_apm32f0xx.o(STACK)



==============================================================================

Memory Map of the image

  Image Entry point : 0x000000bd

  Load Region LR_IROM1 (Base: 0x00000000, Size: 0x00000b94, Max: 0x00008000, ABSOLUTE)

    Execution Region ER_IROM1 (Exec base: 0x00000000, Load base: 0x00000000, Size: 0x00000b90, Max: 0x00008000, ABSOLUTE)

    Exec Addr    Load Addr    Size         Type   Attr      Idx    E Section Name        Object

    0x00000000   0x00000000   0x000000bc   Data   RO           54    RESET               startup_apm32f0xx.o
    0x000000bc   0x000000bc   0x00000000   Code   RO         2851  * .ARM.Collect$$$$00000000  mc_p.l(entry.o)
    0x000000bc   0x000000bc   0x00000004   Code   RO         3119    .ARM.Collect$$$$00000001  mc_p.l(entry2.o)
    0x000000c0   0x000000c0   0x00000004   Code   RO         3122    .ARM.Collect$$$$00000004  mc_p.l(entry5.o)
    0x000000c4   0x000000c4   0x00000000   Code   RO         3124    .ARM.Collect$$$$00000008  mc_p.l(entry7b.o)
    0x000000c4   0x000000c4   0x00000000   Code   RO         3126    .ARM.Collect$$$$0000000A  mc_p.l(entry8b.o)
    0x000000c4   0x000000c4   0x00000008   Code   RO         3127    .ARM.Collect$$$$0000000B  mc_p.l(entry9a.o)
    0x000000cc   0x000000cc   0x00000004   Code   RO         3134    .ARM.Collect$$$$0000000E  mc_p.l(entry12b.o)
    0x000000d0   0x000000d0   0x00000000   Code   RO         3129    .ARM.Collect$$$$0000000F  mc_p.l(entry10a.o)
    0x000000d0   0x000000d0   0x00000000   Code   RO         3131    .ARM.Collect$$$$00000011  mc_p.l(entry11a.o)
    0x000000d0   0x000000d0   0x00000004   Code   RO         3120    .ARM.Collect$$$$00002712  mc_p.l(entry2.o)
    0x000000d4   0x000000d4   0x00000028   Code   RO           55    .text               startup_apm32f0xx.o
    0x000000fc   0x000000fc   0x0000002c   Code   RO         2854    .text               mc_p.l(uidiv.o)
    0x00000128   0x00000128   0x00000060   Code   RO         3136    .text               mc_p.l(uldiv.o)
    0x00000188   0x00000188   0x00000024   Code   RO         3149    .text               mc_p.l(init.o)
    0x000001ac   0x000001ac   0x00000020   Code   RO         3151    .text               mc_p.l(llshl.o)
    0x000001cc   0x000001cc   0x00000022   Code   RO         3153    .text               mc_p.l(llushr.o)
    0x000001ee   0x000001ee   0x00000008   Code   RO            3    i.ConfigMasterClock  system_apm32f00x.o
    0x000001f6   0x000001f6   0x00000002   Code   RO         2803    i.HardFault_Handler  apm32f00x_int.o
    0x000001f8   0x000001f8   0x0000004c   Code   RO            4    i.MasterClock48M    system_apm32f00x.o
    0x00000244   0x00000244   0x00000002   Code   RO         2804    i.NMI_Handler       apm32f00x_int.o
    0x00000246   0x00000246   0x00000002   Code   RO         2805    i.PendSV_Handler    apm32f00x_int.o
    0x00000248   0x00000248   0x00000060   Code   RO          264    i.RCM_GetMasterClockFreq  apm32f00x_rcm.o
    0x000002a8   0x000002a8   0x00000002   Code   RO         2806    i.SVC_Handler       apm32f00x_int.o
    0x000002aa   0x000002aa   0x00000002   Code   RO         2807    i.SysTick_Handler   apm32f00x_int.o
    0x000002ac   0x000002ac   0x00000050   Code   RO            5    i.SystemInit        system_apm32f00x.o
    0x000002fc   0x000002fc   0x00000034   Code   RO         2728    i.TMR1Init          main.o
    0x00000330   0x00000330   0x00000014   Code   RO         1352    i.TMR1_ConfigInputTrigger  apm32f00x_tmr1.o
    0x00000344   0x00000344   0x00000010   Code   RO         1363    i.TMR1_ConfigSlaveMode  apm32f00x_tmr1.o
    0x00000354   0x00000354   0x0000004c   Code   RO         1365    i.TMR1_ConfigTimerBase  apm32f00x_tmr1.o
    0x000003a0   0x000003a0   0x0000000c   Code   RO         1381    i.TMR1_Enable       apm32f00x_tmr1.o
    0x000003ac   0x000003ac   0x00000014   Code   RO         1403    i.TMR1_ReadCounter  apm32f00x_tmr1.o
    0x000003c0   0x000003c0   0x00000020   Code   RO         2729    i.TMR2Init          main.o
    0x000003e0   0x000003e0   0x0000001c   Code   RO         1836    i.TMR2_ConfigMasterMode  apm32f00x_tmr2.o
    0x000003fc   0x000003fc   0x00000028   Code   RO         1844    i.TMR2_ConfigTimerBase  apm32f00x_tmr2.o
    0x00000424   0x00000424   0x00000014   Code   RO         1853    i.TMR2_Enable       apm32f00x_tmr2.o
    0x00000438   0x00000438   0x00000014   Code   RO         1857    i.TMR2_EnableMasterMode  apm32f00x_tmr2.o
    0x0000044c   0x0000044c   0x0000001c   Code   RO         1867    i.TMR2_ReadCounter  apm32f00x_tmr2.o
    0x00000468   0x00000468   0x00000048   Code   RO         2730    i.USARTInit         main.o
    0x000004b0   0x000004b0   0x000000d4   Code   RO         2315    i.USART_Config      apm32f00x_usart.o
    0x00000584   0x00000584   0x0000004a   Code   RO         2322    i.USART_ConfigSyncClock  apm32f00x_usart.o
    0x000005ce   0x000005ce   0x0000000a   Code   RO         2332    i.USART_Enable      apm32f00x_usart.o
    0x000005d8   0x000005d8   0x00000038   Code   RO         2334    i.USART_EnableInterrupt  apm32f00x_usart.o
    0x00000610   0x00000610   0x00000032   Code   RO         2341    i.USART_ReadStatusFlag  apm32f00x_usart.o
    0x00000642   0x00000642   0x0000000e   Code   RO         2346    i.USART_TxData8     apm32f00x_usart.o
    0x00000650   0x00000650   0x00000020   Code   RO         3065    i.__0printf$8       mc_p.l(printf8.o)
    0x00000670   0x00000670   0x0000000e   Code   RO         3163    i.__scatterload_copy  mc_p.l(handlers.o)
    0x0000067e   0x0000067e   0x00000002   Code   RO         3164    i.__scatterload_null  mc_p.l(handlers.o)
    0x00000680   0x00000680   0x0000000e   Code   RO         3165    i.__scatterload_zeroinit  mc_p.l(handlers.o)
    0x0000068e   0x0000068e   0x00000002   PAD
    0x00000690   0x00000690   0x00000428   Code   RO         3072    i._printf_core      mc_p.l(printf8.o)
    0x00000ab8   0x00000ab8   0x00000020   Code   RO         3073    i._printf_post_padding  mc_p.l(printf8.o)
    0x00000ad8   0x00000ad8   0x0000002c   Code   RO         3074    i._printf_pre_padding  mc_p.l(printf8.o)
    0x00000b04   0x00000b04   0x00000024   Code   RO         2731    i.fputc             main.o
    0x00000b28   0x00000b28   0x00000048   Code   RO         2732    i.main              main.o
    0x00000b70   0x00000b70   0x00000020   Data   RO         3161    Region$$Table       anon$$obj.o


    Execution Region RW_IRAM1 (Exec base: 0x20000000, Load base: 0x00000b90, Size: 0x00000408, Max: 0x00001000, ABSOLUTE)

    Exec Addr    Load Addr    Size         Type   Attr      Idx    E Section Name        Object

    0x20000000   0x00000b90   0x00000004   Data   RW         3135    .data               mc_p.l(stdout.o)
    0x20000004   0x00000b94   0x00000004   PAD
    0x20000008        -       0x00000400   Zero   RW           52    STACK               startup_apm32f0xx.o


==============================================================================

Image component sizes


      Code (inc. data)   RO Data    RW Data    ZI Data      Debug   Object Name

        10          0          0          0          0       2211   apm32f00x_int.o
        96         14          0          0          0       3497   apm32f00x_rcm.o
       144          0          0          0          0       9093   apm32f00x_tmr1.o
       136         26          0          0          0       5952   apm32f00x_tmr2.o
       416          8          0          0          0       7297   apm32f00x_usart.o
       264         50          0          0          0      12309   main.o
        40         14        188          0       1024        732   startup_apm32f0xx.o
       164         20          0          0          0      30681   system_apm32f00x.o

    ----------------------------------------------------------------------
      1270        132        220          0       1024      71772   Object Totals
         0          0         32          0          0          0   (incl. Generated)
         0          0          0          0          0          0   (incl. Padding)

    ----------------------------------------------------------------------

      Code (inc. data)   RO Data    RW Data    ZI Data      Debug   Library Member Name

         0          0          0          0          0          0   entry.o
         0          0          0          0          0          0   entry10a.o
         0          0          0          0          0          0   entry11a.o
         4          0          0          0          0          0   entry12b.o
         8          4          0          0          0          0   entry2.o
         4          0          0          0          0          0   entry5.o
         0          0          0          0          0          0   entry7b.o
         0          0          0          0          0          0   entry8b.o
         8          4          0          0          0          0   entry9a.o
        30          0          0          0          0          0   handlers.o
        36          8          0          0          0         68   init.o
        32          0          0          0          0         68   llshl.o
        34          0          0          0          0         68   llushr.o
      1172         52          0          0          0        324   printf8.o
         0          0          0          4          0          0   stdout.o
        44          0          0          0          0         72   uidiv.o
        96          0          0          0          0         84   uldiv.o

    ----------------------------------------------------------------------
      1470         68          0          4          4        684   Library Totals
         2          0          0          0          4          0   (incl. Padding)

    ----------------------------------------------------------------------

      Code (inc. data)   RO Data    RW Data    ZI Data      Debug   Library Name

      1468         68          0          4          0        684   mc_p.l

    ----------------------------------------------------------------------
      1470         68          0          4          4        684   Library Totals

    ----------------------------------------------------------------------

==============================================================================


      Code (inc. data)   RO Data    RW Data    ZI Data      Debug   

      2740        200        220          4       1028      71156   Grand Totals
      2740        200        220          4       1028      71156   ELF Image Totals
      2740        200        220          4          0          0   ROM Totals

==============================================================================

    Total RO  Size (Code + RO Data)                 2960 (   2.89kB)
    Total RW  Size (RW Data + ZI Data)              1032 (   1.01kB)
    Total ROM Size (Code + RO Data + RW Data)       2964 (   2.89kB)

==============================================================================

